Archive member included to satisfy reference by file (symbol)

D:/ST/STM32CubeIDE_1.13.2/STM32CubeIDE/plugins/com.st.stm32cube.ide.mcu.externaltools.gnu-tools-for-stm32.11.3.rel1.win32_1.1.1.202309131626/tools/bin/../lib/gcc/arm-none-eabi/11.3.1/../../../../arm-none-eabi/lib/thumb/v7e-m+fp/hard\libc_nano.a(libc_a-exit.o)
                              D:/ST/STM32CubeIDE_1.13.2/STM32CubeIDE/plugins/com.st.stm32cube.ide.mcu.externaltools.gnu-tools-for-stm32.11.3.rel1.win32_1.1.1.202309131626/tools/bin/../lib/gcc/arm-none-eabi/11.3.1/../../../../arm-none-eabi/lib/thumb/v7e-m+fp/hard/crt0.o (exit)
D:/ST/STM32CubeIDE_1.13.2/STM32CubeIDE/plugins/com.st.stm32cube.ide.mcu.externaltools.gnu-tools-for-stm32.11.3.rel1.win32_1.1.1.202309131626/tools/bin/../lib/gcc/arm-none-eabi/11.3.1/../../../../arm-none-eabi/lib/thumb/v7e-m+fp/hard\libc_nano.a(libc_a-malloc.o)
                              ./Middlewares/ST/STM32_USB_Host_Library/Class/CDC/Src/usbh_cdc.o (malloc)
D:/ST/STM32CubeIDE_1.13.2/STM32CubeIDE/plugins/com.st.stm32cube.ide.mcu.externaltools.gnu-tools-for-stm32.11.3.rel1.win32_1.1.1.202309131626/tools/bin/../lib/gcc/arm-none-eabi/11.3.1/../../../../arm-none-eabi/lib/thumb/v7e-m+fp/hard\libc_nano.a(libc_a-mallocr.o)
                              D:/ST/STM32CubeIDE_1.13.2/STM32CubeIDE/plugins/com.st.stm32cube.ide.mcu.externaltools.gnu-tools-for-stm32.11.3.rel1.win32_1.1.1.202309131626/tools/bin/../lib/gcc/arm-none-eabi/11.3.1/../../../../arm-none-eabi/lib/thumb/v7e-m+fp/hard\libc_nano.a(libc_a-malloc.o) (_malloc_r)
D:/ST/STM32CubeIDE_1.13.2/STM32CubeIDE/plugins/com.st.stm32cube.ide.mcu.externaltools.gnu-tools-for-stm32.11.3.rel1.win32_1.1.1.202309131626/tools/bin/../lib/gcc/arm-none-eabi/11.3.1/../../../../arm-none-eabi/lib/thumb/v7e-m+fp/hard\libc_nano.a(libc_a-mlock.o)
                              D:/ST/STM32CubeIDE_1.13.2/STM32CubeIDE/plugins/com.st.stm32cube.ide.mcu.externaltools.gnu-tools-for-stm32.11.3.rel1.win32_1.1.1.202309131626/tools/bin/../lib/gcc/arm-none-eabi/11.3.1/../../../../arm-none-eabi/lib/thumb/v7e-m+fp/hard\libc_nano.a(libc_a-mallocr.o) (__malloc_lock)
D:/ST/STM32CubeIDE_1.13.2/STM32CubeIDE/plugins/com.st.stm32cube.ide.mcu.externaltools.gnu-tools-for-stm32.11.3.rel1.win32_1.1.1.202309131626/tools/bin/../lib/gcc/arm-none-eabi/11.3.1/../../../../arm-none-eabi/lib/thumb/v7e-m+fp/hard\libc_nano.a(libc_a-findfp.o)
                              D:/ST/STM32CubeIDE_1.13.2/STM32CubeIDE/plugins/com.st.stm32cube.ide.mcu.externaltools.gnu-tools-for-stm32.11.3.rel1.win32_1.1.1.202309131626/tools/bin/../lib/gcc/arm-none-eabi/11.3.1/../../../../arm-none-eabi/lib/thumb/v7e-m+fp/hard\libc_nano.a(libc_a-exit.o) (__stdio_exit_handler)
D:/ST/STM32CubeIDE_1.13.2/STM32CubeIDE/plugins/com.st.stm32cube.ide.mcu.externaltools.gnu-tools-for-stm32.11.3.rel1.win32_1.1.1.202309131626/tools/bin/../lib/gcc/arm-none-eabi/11.3.1/../../../../arm-none-eabi/lib/thumb/v7e-m+fp/hard\libc_nano.a(libc_a-fwalk.o)
                              D:/ST/STM32CubeIDE_1.13.2/STM32CubeIDE/plugins/com.st.stm32cube.ide.mcu.externaltools.gnu-tools-for-stm32.11.3.rel1.win32_1.1.1.202309131626/tools/bin/../lib/gcc/arm-none-eabi/11.3.1/../../../../arm-none-eabi/lib/thumb/v7e-m+fp/hard\libc_nano.a(libc_a-findfp.o) (_fwalk_sglue)
D:/ST/STM32CubeIDE_1.13.2/STM32CubeIDE/plugins/com.st.stm32cube.ide.mcu.externaltools.gnu-tools-for-stm32.11.3.rel1.win32_1.1.1.202309131626/tools/bin/../lib/gcc/arm-none-eabi/11.3.1/../../../../arm-none-eabi/lib/thumb/v7e-m+fp/hard\libc_nano.a(libc_a-stdio.o)
                              D:/ST/STM32CubeIDE_1.13.2/STM32CubeIDE/plugins/com.st.stm32cube.ide.mcu.externaltools.gnu-tools-for-stm32.11.3.rel1.win32_1.1.1.202309131626/tools/bin/../lib/gcc/arm-none-eabi/11.3.1/../../../../arm-none-eabi/lib/thumb/v7e-m+fp/hard\libc_nano.a(libc_a-findfp.o) (__sread)
D:/ST/STM32CubeIDE_1.13.2/STM32CubeIDE/plugins/com.st.stm32cube.ide.mcu.externaltools.gnu-tools-for-stm32.11.3.rel1.win32_1.1.1.202309131626/tools/bin/../lib/gcc/arm-none-eabi/11.3.1/../../../../arm-none-eabi/lib/thumb/v7e-m+fp/hard\libc_nano.a(libc_a-memset.o)
                              D:/ST/STM32CubeIDE_1.13.2/STM32CubeIDE/plugins/com.st.stm32cube.ide.mcu.externaltools.gnu-tools-for-stm32.11.3.rel1.win32_1.1.1.202309131626/tools/bin/../lib/gcc/arm-none-eabi/11.3.1/../../../../arm-none-eabi/lib/thumb/v7e-m+fp/hard/crt0.o (memset)
D:/ST/STM32CubeIDE_1.13.2/STM32CubeIDE/plugins/com.st.stm32cube.ide.mcu.externaltools.gnu-tools-for-stm32.11.3.rel1.win32_1.1.1.202309131626/tools/bin/../lib/gcc/arm-none-eabi/11.3.1/../../../../arm-none-eabi/lib/thumb/v7e-m+fp/hard\libc_nano.a(libc_a-closer.o)
                              D:/ST/STM32CubeIDE_1.13.2/STM32CubeIDE/plugins/com.st.stm32cube.ide.mcu.externaltools.gnu-tools-for-stm32.11.3.rel1.win32_1.1.1.202309131626/tools/bin/../lib/gcc/arm-none-eabi/11.3.1/../../../../arm-none-eabi/lib/thumb/v7e-m+fp/hard\libc_nano.a(libc_a-stdio.o) (_close_r)
[...]
Memory Configuration

Name             Origin             Length             Attributes
CCMRAM           0x0000000010000000 0x0000000000010000 xrw
RAM              0x0000000020000000 0x0000000000020000 xrw
FLASH            0x0000000008000000 0x0000000000100000 xr
*default*        0x0000000000000000 0xffffffffffffffff

Linker script and memory map

LOAD D:/ST/STM32CubeIDE_1.13.2/STM32CubeIDE/plugins/com.st.stm32cube.ide.mcu.externaltools.gnu-tools-for-stm32.11.3.rel1.win32_1.1.1.202309131626/tools/bin/../lib/gcc/arm-none-eabi/11.3.1/thumb/v7e-m+fp/hard/crti.o
LOAD D:/ST/STM32CubeIDE_1.13.2/STM32CubeIDE/plugins/com.st.stm32cube.ide.mcu.externaltools.gnu-tools-for-stm32.11.3.rel1.win32_1.1.1.202309131626/tools/bin/../lib/gcc/arm-none-eabi/11.3.1/thumb/v7e-m+fp/hard/crtbegin.o
LOAD D:/ST/STM32CubeIDE_1.13.2/STM32CubeIDE/plugins/com.st.stm32cube.ide.mcu.externaltools.gnu-tools-for-stm32.11.3.rel1.win32_1.1.1.202309131626/tools/bin/../lib/gcc/arm-none-eabi/11.3.1/../../../../arm-none-eabi/lib/thumb/v7e-m+fp/hard/crt0.o
LOAD ./Core/Src/AVERAGE FILTER/average_filter.o
LOAD ./Core/Src/Encoder/Encoder.o
LOAD ./Core/Src/PID/PID.o
LOAD ./Core/Src/PWM control/PWMcontrol.o
LOAD ./Core/Src/UltraSonic/ultraSonic.o
LOAD ./Core/Src/main.o
LOAD ./Core/Src/stm32f4xx_hal_msp.o
LOAD ./Core/Src/stm32f4xx_it.o
LOAD ./Core/Src/syscalls.o
LOAD ./Core/Src/sysmem.o
LOAD ./Core/Src/system_stm32f4xx.o
LOAD ./Core/Startup/startup_stm32f407vgtx.o
LOAD ./Drivers/STM32F4xx_HAL_Driver/Src/stm32f4xx_hal.o
LOAD ./Drivers/STM32F4xx_HAL_Driver/Src/stm32f4xx_hal_adc.o
LOAD ./Drivers/STM32F4xx_HAL_Driver/Src/stm32f4xx_hal_adc_ex.o
LOAD ./Drivers/STM32F4xx_HAL_Driver/Src/stm32f4xx_hal_cortex.o
LOAD ./Drivers/STM32F4xx_HAL_Driver/Src/stm32f4xx_hal_dma.o
LOAD ./Drivers/STM32F4xx_HAL_Driver/Src/stm32f4xx_hal_dma_ex.o
LOAD ./Drivers/STM32F4xx_HAL_Driver/Src/stm32f4xx_hal_exti.o
LOAD ./Drivers/STM32F4xx_HAL_Driver/Src/stm32f4xx_hal_flash.o
LOAD ./Drivers/STM32F4xx_HAL_Driver/Src/stm32f4xx_hal_flash_ex.o
LOAD ./Drivers/STM32F4xx_HAL_Driver/Src/stm32f4xx_hal_flash_ramfunc.o
LOAD ./Drivers/STM32F4xx_HAL_Driver/Src/stm32f4xx_hal_gpio.o
LOAD ./Drivers/STM32F4xx_HAL_Driver/Src/stm32f4xx_hal_hcd.o
LOAD ./Drivers/STM32F4xx_HAL_Driver/Src/stm32f4xx_hal_i2c.o
LOAD ./Drivers/STM32F4xx_HAL_Driver/Src/stm32f4xx_hal_i2c_ex.o
LOAD ./Drivers/STM32F4xx_HAL_Driver/Src/stm32f4xx_hal_i2s.o
LOAD ./Drivers/STM32F4xx_HAL_Driver/Src/stm32f4xx_hal_i2s_ex.o
LOAD ./Drivers/STM32F4xx_HAL_Driver/Src/stm32f4xx_hal_pwr.o
LOAD ./Drivers/STM32F4xx_HAL_Driver/Src/stm32f4xx_hal_pwr_ex.o
LOAD ./Drivers/STM32F4xx_HAL_Driver/Src/stm32f4xx_hal_rcc.o
LOAD ./Drivers/STM32F4xx_HAL_Driver/Src/stm32f4xx_hal_rcc_ex.o
LOAD ./Drivers/STM32F4xx_HAL_Driver/Src/stm32f4xx_hal_spi.o
LOAD ./Drivers/STM32F4xx_HAL_Driver/Src/stm32f4xx_hal_tim.o
LOAD ./Drivers/STM32F4xx_HAL_Driver/Src/stm32f4xx_hal_tim_ex.o
LOAD ./Drivers/STM32F4xx_HAL_Driver/Src/stm32f4xx_ll_adc.o
LOAD ./Drivers/STM32F4xx_HAL_Driver/Src/stm32f4xx_ll_usb.o
LOAD ./Middlewares/ST/STM32_USB_Host_Library/Class/CDC/Src/usbh_cdc.o
LOAD ./Middlewares/ST/STM32_USB_Host_Library/Core/Src/usbh_core.o
LOAD ./Middlewares/ST/STM32_USB_Host_Library/Core/Src/usbh_ctlreq.o
LOAD ./Middlewares/ST/STM32_USB_Host_Library/Core/Src/usbh_ioreq.o
LOAD ./Middlewares/ST/STM32_USB_Host_Library/Core/Src/usbh_pipes.o
LOAD ./USB_HOST/App/usb_host.o
LOAD ./USB_HOST/Target/usbh_conf.o
LOAD ./USB_HOST/Target/usbh_platform.o
START GROUP
LOAD D:/ST/STM32CubeIDE_1.13.2/STM32CubeIDE/plugins/com.st.stm32cube.ide.mcu.externaltools.gnu-tools-for-stm32.11.3.rel1.win32_1.1.1.202309131626/tools/bin/../lib/gcc/arm-none-eabi/11.3.1/../../../../arm-none-eabi/lib/thumb/v7e-m+fp/hard\libc_nano.a
LOAD D:/ST/STM32CubeIDE_1.13.2/STM32CubeIDE/plugins/com.st.stm32cube.ide.mcu.externaltools.gnu-tools-for-stm32.11.3.rel1.win32_1.1.1.202309131626/tools/bin/../lib/gcc/arm-none-eabi/11.3.1/../../../../arm-none-eabi/lib/thumb/v7e-m+fp/hard\libm.a
END GROUP
START GROUP
LOAD D:/ST/STM32CubeIDE_1.13.2/STM32CubeIDE/plugins/com.st.stm32cube.ide.mcu.externaltools.gnu-tools-for-stm32.11.3.rel1.win32_1.1.1.202309131626/tools/bin/../lib/gcc/arm-none-eabi/11.3.1/thumb/v7e-m+fp/hard\libgcc.a
LOAD D:/ST/STM32CubeIDE_1.13.2/STM32CubeIDE/plugins/com.st.stm32cube.ide.mcu.externaltools.gnu-tools-for-stm32.11.3.rel1.win32_1.1.1.202309131626/tools/bin/../lib/gcc/arm-none-eabi/11.3.1/../../../../arm-none-eabi/lib/thumb/v7e-m+fp/hard\libc_nano.a
END GROUP
START GROUP
LOAD D:/ST/STM32CubeIDE_1.13.2/STM32CubeIDE/plugins/com.st.stm32cube.ide.mcu.externaltools.gnu-tools-for-stm32.11.3.rel1.win32_1.1.1.202309131626/tools/bin/../lib/gcc/arm-none-eabi/11.3.1/thumb/v7e-m+fp/hard\libgcc.a
LOAD D:/ST/STM32CubeIDE_1.13.2/STM32CubeIDE/plugins/com.st.stm32cube.ide.mcu.externaltools.gnu-tools-for-stm32.11.3.rel1.win32_1.1.1.202309131626/tools/bin/../lib/gcc/arm-none-eabi/11.3.1/../../../../arm-none-eabi/lib/thumb/v7e-m+fp/hard\libc_nano.a
LOAD D:/ST/STM32CubeIDE_1.13.2/STM32CubeIDE/plugins/com.st.stm32cube.ide.mcu.externaltools.gnu-tools-for-stm32.11.3.rel1.win32_1.1.1.202309131626/tools/bin/../lib/gcc/arm-none-eabi/11.3.1/../../../../arm-none-eabi/lib/thumb/v7e-m+fp/hard\libnosys.a
END GROUP
START GROUP
LOAD D:/ST/STM32CubeIDE_1.13.2/STM32CubeIDE/plugins/com.st.stm32cube.ide.mcu.externaltools.gnu-tools-for-stm32.11.3.rel1.win32_1.1.1.202309131626/tools/bin/../lib/gcc/arm-none-eabi/11.3.1/thumb/v7e-m+fp/hard\libgcc.a
LOAD D:/ST/STM32CubeIDE_1.13.2/STM32CubeIDE/plugins/com.st.stm32cube.ide.mcu.externaltools.gnu-tools-for-stm32.11.3.rel1.win32_1.1.1.202309131626/tools/bin/../lib/gcc/arm-none-eabi/11.3.1/../../../../arm-none-eabi/lib/thumb/v7e-m+fp/hard\libc_nano.a
LOAD D:/ST/STM32CubeIDE_1.13.2/STM32CubeIDE/plugins/com.st.stm32cube.ide.mcu.externaltools.gnu-tools-for-stm32.11.3.rel1.win32_1.1.1.202309131626/tools/bin/../lib/gcc/arm-none-eabi/11.3.1/../../../../arm-none-eabi/lib/thumb/v7e-m+fp/hard\libnosys.a
END GROUP
LOAD D:/ST/STM32CubeIDE_1.13.2/STM32CubeIDE/plugins/com.st.stm32cube.ide.mcu.externaltools.gnu-tools-for-stm32.11.3.rel1.win32_1.1.1.202309131626/tools/bin/../lib/gcc/arm-none-eabi/11.3.1/thumb/v7e-m+fp/hard/crtend.o
LOAD D:/ST/STM32CubeIDE_1.13.2/STM32CubeIDE/plugins/com.st.stm32cube.ide.mcu.externaltools.gnu-tools-for-stm32.11.3.rel1.win32_1.1.1.202309131626/tools/bin/../lib/gcc/arm-none-eabi/11.3.1/thumb/v7e-m+fp/hard/crtn.o
                0x0000000020020000                _estack = (ORIGIN (RAM) + LENGTH (RAM))
                0x0000000000000200                _Min_Heap_Size = 0x200
                0x0000000000000400                _Min_Stack_Size = 0x400

.isr_vector     0x0000000008000000      0x188
                0x0000000008000000                . = ALIGN (0x4)
 *(.isr_vector)
 .isr_vector    0x0000000008000000      0x188 ./Core/Startup/startup_stm32f407vgtx.o
                0x0000000008000000                g_pfnVectors
                0x0000000008000188                . = ALIGN (0x4)

.text           0x0000000008000188     0xb54c
                0x0000000008000188                . = ALIGN (0x4)
 *(.text)
 .text          0x0000000008000188       0x40 D:/ST/STM32CubeIDE_1.13.2/STM32CubeIDE/plugins/com.st.stm32cube.ide.mcu.externaltools.gnu-tools-for-stm32.11.3.rel1.win32_1.1.1.202309131626/tools/bin/../lib/gcc/arm-none-eabi/11.3.1/thumb/v7e-m+fp/hard/crtbegin.o
 .text          0x00000000080001c8      0x378 D:/ST/STM32CubeIDE_1.13.2/STM32CubeIDE/plugins/com.st.stm32cube.ide.mcu.externaltools.gnu-tools-for-stm32.11.3.rel1.win32_1.1.1.202309131626/tools/bin/../lib/gcc/arm-none-eabi/11.3.1/thumb/v7e-m+fp/hard\libgcc.a(_arm_addsubdf3.o)
                0x00000000080001c8                __aeabi_drsub
                0x00000000080001d0                __aeabi_dsub
                0x00000000080001d0                __subdf3
                0x00000000080001d4                __aeabi_dadd
                0x00000000080001d4                __adddf3
                0x000000000800044c                __floatunsidf
                0x000000000800044c                __aeabi_ui2d
                0x000000000800046c                __floatsidf
                0x000000000800046c                __aeabi_i2d
                0x0000000008000490                __aeabi_f2d
                0x0000000008000490                __extendsfdf2
                0x00000000080004d4                __floatundidf
                0x00000000080004d4                __aeabi_ul2d
                0x00000000080004e4                __floatdidf
                0x00000000080004e4                __aeabi_l2d
 .text          0x0000000008000540      0x424 D:/ST/STM32CubeIDE_1.13.2/STM32CubeIDE/plugins/com.st.stm32cube.ide.mcu.externaltools.gnu-tools-for-stm32.11.3.rel1.win32_1.1.1.202309131626/tools/bin/../lib/gcc/arm-none-eabi/11.3.1/thumb/v7e-m+fp/hard\libgcc.a(_arm_muldivdf3.o)
                0x0000000008000540                __aeabi_dmul
                0x0000000008000540                __muldf3
                0x0000000008000794                __divdf3
                0x0000000008000794                __aeabi_ddiv
 .text          0x0000000008000964      0x110 D:/ST/STM32CubeIDE_1.13.2/STM32CubeIDE/plugins/com.st.stm32cube.ide.mcu.externaltools.gnu-tools-for-stm32.11.3.rel1.win32_1.1.1.202309131626/tools/bin/../lib/gcc/arm-none-eabi/11.3.1/thumb/v7e-m+fp/hard\libgcc.a(_arm_cmpdf2.o)
                0x0000000008000964                __gtdf2
                0x0000000008000964                __gedf2
                0x000000000800096c                __ltdf2
                0x000000000800096c                __ledf2
                0x0000000008000974                __nedf2
                0x0000000008000974                __eqdf2
                0x0000000008000974                __cmpdf2
                0x00000000080009f0                __aeabi_cdrcmple
                0x0000000008000a00                __aeabi_cdcmpeq
                0x0000000008000a00                __aeabi_cdcmple
                0x0000000008000a10                __aeabi_dcmpeq
                0x0000000008000a24                __aeabi_dcmplt
                0x0000000008000a38                __aeabi_dcmple
                0x0000000008000a4c                __aeabi_dcmpge
                0x0000000008000a60                __aeabi_dcmpgt
 .text          0x0000000008000a74       0x30 D:/ST/STM32CubeIDE_1.13.2/STM32CubeIDE/plugins/com.st.stm32cube.ide.mcu.externaltools.gnu-tools-for-stm32.11.3.rel1.win32_1.1.1.202309131626/tools/bin/../lib/gcc/arm-none-eabi/11.3.1/thumb/v7e-m+fp/hard\libgcc.a(_aeabi_uldivmod.o)
                0x0000000008000a74                __aeabi_uldivmod
 .text          0x0000000008000aa4      0x2c8 D:/ST/STM32CubeIDE_1.13.2/STM32CubeIDE/plugins/com.st.stm32cube.ide.mcu.externaltools.gnu-tools-for-stm32.11.3.rel1.win32_1.1.1.202309131626/tools/bin/../lib/gcc/arm-none-eabi/11.3.1/thumb/v7e-m+fp/hard\libgcc.a(_udivmoddi4.o)
                0x0000000008000aa4                __udivmoddi4
 .text          0x0000000008000d6c        0x4 D:/ST/STM32CubeIDE_1.13.2/STM32CubeIDE/plugins/com.st.stm32cube.ide.mcu.externaltools.gnu-tools-for-stm32.11.3.rel1.win32_1.1.1.202309131626/tools/bin/../lib/gcc/arm-none-eabi/11.3.1/thumb/v7e-m+fp/hard\libgcc.a(_dvmd_tls.o)
                0x0000000008000d6c                __aeabi_idiv0
                0x0000000008000d6c                __aeabi_ldiv0
 *(.text*)
 .text.reset_buffer
                0x0000000008000d70       0x44 ./Core/Src/AVERAGE FILTER/average_filter.o
                0x0000000008000d70                reset_buffer
 .text.apply_filter
                0x0000000008000db4       0x94 ./Core/Src/AVERAGE FILTER/average_filter.o
                0x0000000008000db4                apply_filter
 .text.updateDiffPulse
                0x0000000008000e48       0xbc ./Core/Src/Encoder/Encoder.o
                0x0000000008000e48                updateDiffPulse
 *fill*         0x0000000008000f04        0x4 
 .text.updateEncoder
                0x0000000008000f08      0x148 ./Core/Src/Encoder/Encoder.o
                0x0000000008000f08                updateEncoder
 .text.Encoder_Init
                0x0000000008001050       0x50 ./Core/Src/Encoder/Encoder.o
                0x0000000008001050                Encoder_Init
 .text.Motor_Init
                0x00000000080010a0       0xbc ./Core/Src/PWM control/PWMcontrol.o
                0x00000000080010a0                Motor_Init
 .text.Servo_Init
                0x000000000800115c       0x6e ./Core/Src/PWM control/PWMcontrol.o
                0x000000000800115c                Servo_Init
 .text.set_motor
                0x00000000080011ca      0x1d6 ./Core/Src/PWM control/PWMcontrol.o
                0x00000000080011ca                set_motor
 .text.ultraSonic_Init
                0x00000000080013a0       0x64 ./Core/Src/UltraSonic/ultraSonic.o
                0x00000000080013a0                ultraSonic_Init
 *fill*         0x0000000008001404        0x4 
 .text.updateDistance
                0x0000000008001408      0x250 ./Core/Src/UltraSonic/ultraSonic.o
                0x0000000008001408                updateDistance
 .text.activeTrigger
                0x0000000008001658       0x40 ./Core/Src/UltraSonic/ultraSonic.o
                0x0000000008001658                activeTrigger
 .text.delay_us
                0x0000000008001698       0x36 ./Core/Src/UltraSonic/ultraSonic.o
                0x0000000008001698                delay_us
 *fill*         0x00000000080016ce        0x2 
 .text.main     0x00000000080016d0      0x110 ./Core/Src/main.o
                0x00000000080016d0                main
 .text.SystemClock_Config
                0x00000000080017e0       0xd4 ./Core/Src/main.o
                0x00000000080017e0                SystemClock_Config
 .text.MX_ADC1_Init
                0x00000000080018b4      0x114 ./Core/Src/main.o
 .text.MX_SPI1_Init
                0x00000000080019c8       0x6c ./Core/Src/main.o
 .text.MX_TIM1_Init
                0x0000000008001a34      0x114 ./Core/Src/main.o
 .text.MX_TIM2_Init
                0x0000000008001b48       0x98 ./Core/Src/main.o
 .text.MX_TIM3_Init
                0x0000000008001be0       0xa8 ./Core/Src/main.o
 .text.MX_TIM9_Init
                0x0000000008001c88       0xe0 ./Core/Src/main.o
 .text.MX_TIM12_Init
                0x0000000008001d68       0xc8 ./Core/Src/main.o
 .text.MX_DMA_Init
                0x0000000008001e30       0x40 ./Core/Src/main.o
 .text.MX_GPIO_Init
                0x0000000008001e70      0x200 ./Core/Src/main.o
 .text.HAL_TIM_PeriodElapsedCallback
                0x0000000008002070       0x78 ./Core/Src/main.o
                0x0000000008002070                HAL_TIM_PeriodElapsedCallback
 .text.HAL_TIM_IC_CaptureCallback
                0x00000000080020e8       0x50 ./Core/Src/main.o
                0x00000000080020e8                HAL_TIM_IC_CaptureCallback
 .text.SysTick_CallBack
                0x0000000008002138        0xe ./Core/Src/main.o
                0x0000000008002138                SysTick_CallBack
 .text.Error_Handler
                0x0000000008002146        0xa ./Core/Src/main.o
                0x0000000008002146                Error_Handler
 .text.HAL_MspInit
                0x0000000008002150       0x50 ./Core/Src/stm32f4xx_hal_msp.o
                0x0000000008002150                HAL_MspInit
 .text.HAL_ADC_MspInit
                0x00000000080021a0      0x138 ./Core/Src/stm32f4xx_hal_msp.o
                0x00000000080021a0                HAL_ADC_MspInit
 .text.HAL_SPI_MspInit
                0x00000000080022d8       0x90 ./Core/Src/stm32f4xx_hal_msp.o
                0x00000000080022d8                HAL_SPI_MspInit
 .text.HAL_TIM_Base_MspInit
                0x0000000008002368      0x140 ./Core/Src/stm32f4xx_hal_msp.o
                0x0000000008002368                HAL_TIM_Base_MspInit
 .text.HAL_TIM_Encoder_MspInit
                0x00000000080024a8       0xe0 ./Core/Src/stm32f4xx_hal_msp.o
                0x00000000080024a8                HAL_TIM_Encoder_MspInit
 .text.HAL_TIM_MspPostInit
                0x0000000008002588       0xc4 ./Core/Src/stm32f4xx_hal_msp.o
                0x0000000008002588                HAL_TIM_MspPostInit
 .text.NMI_Handler
                0x000000000800264c        0x6 ./Core/Src/stm32f4xx_it.o
                0x000000000800264c                NMI_Handler
 .text.HardFault_Handler
                0x0000000008002652        0x6 ./Core/Src/stm32f4xx_it.o
                0x0000000008002652                HardFault_Handler
 .text.MemManage_Handler
                0x0000000008002658        0x6 ./Core/Src/stm32f4xx_it.o
                0x0000000008002658                MemManage_Handler
 .text.BusFault_Handler
                0x000000000800265e        0x6 ./Core/Src/stm32f4xx_it.o
                0x000000000800265e                BusFault_Handler
 .text.UsageFault_Handler
                0x0000000008002664        0x6 ./Core/Src/stm32f4xx_it.o
                0x0000000008002664                UsageFault_Handler
 .text.SVC_Handler
                0x000000000800266a        0xe ./Core/Src/stm32f4xx_it.o
                0x000000000800266a                SVC_Handler
 .text.DebugMon_Handler
                0x0000000008002678        0xe ./Core/Src/stm32f4xx_it.o
                0x0000000008002678                DebugMon_Handler
 .text.PendSV_Handler
                0x0000000008002686        0xe ./Core/Src/stm32f4xx_it.o
                0x0000000008002686                PendSV_Handler
 .text.SysTick_Handler
                0x0000000008002694       0x10 ./Core/Src/stm32f4xx_it.o
                0x0000000008002694                SysTick_Handler
 .text.ADC_IRQHandler
                0x00000000080026a4       0x14 ./Core/Src/stm32f4xx_it.o
                0x00000000080026a4                ADC_IRQHandler
 .text.TIM1_CC_IRQHandler
                0x00000000080026b8       0x14 ./Core/Src/stm32f4xx_it.o
                0x00000000080026b8                TIM1_CC_IRQHandler
 .text.TIM2_IRQHandler
                0x00000000080026cc       0x14 ./Core/Src/stm32f4xx_it.o
                0x00000000080026cc                TIM2_IRQHandler
 .text.TIM3_IRQHandler
                0x00000000080026e0       0x14 ./Core/Src/stm32f4xx_it.o
                0x00000000080026e0                TIM3_IRQHandler
 .text.TIM8_BRK_TIM12_IRQHandler
                0x00000000080026f4       0x14 ./Core/Src/stm32f4xx_it.o
                0x00000000080026f4                TIM8_BRK_TIM12_IRQHandler
 .text.DMA2_Stream0_IRQHandler
                0x0000000008002708       0x14 ./Core/Src/stm32f4xx_it.o
                0x0000000008002708                DMA2_Stream0_IRQHandler
 .text.OTG_FS_IRQHandler
                0x000000000800271c       0x14 ./Core/Src/stm32f4xx_it.o
                0x000000000800271c                OTG_FS_IRQHandler
 .text._sbrk    0x0000000008002730       0x6c ./Core/Src/sysmem.o
                0x0000000008002730                _sbrk
 .text.SystemInit
                0x000000000800279c       0x24 ./Core/Src/system_stm32f4xx.o
                0x000000000800279c                SystemInit
 .text.Reset_Handler
                0x00000000080027c0       0x50 ./Core/Startup/startup_stm32f407vgtx.o
                0x00000000080027c0                Reset_Handler
 .text.Default_Handler
                0x0000000008002810        0x2 ./Core/Startup/startup_stm32f407vgtx.o
                0x0000000008002810                RTC_Alarm_IRQHandler
                0x0000000008002810                HASH_RNG_IRQHandler
                0x0000000008002810                EXTI2_IRQHandler
                0x0000000008002810                TIM8_CC_IRQHandler
                0x0000000008002810                DMA2_Stream5_IRQHandler
                0x0000000008002810                DMA1_Stream5_IRQHandler
                0x0000000008002810                PVD_IRQHandler
                0x0000000008002810                SDIO_IRQHandler
                0x0000000008002810                TAMP_STAMP_IRQHandler
                0x0000000008002810                CAN2_RX1_IRQHandler
                0x0000000008002810                EXTI3_IRQHandler
                0x0000000008002810                TIM8_TRG_COM_TIM14_IRQHandler
                0x0000000008002810                TIM1_UP_TIM10_IRQHandler
                0x0000000008002810                TIM8_UP_TIM13_IRQHandler
                0x0000000008002810                I2C3_ER_IRQHandler
                0x0000000008002810                EXTI0_IRQHandler
                0x0000000008002810                I2C2_EV_IRQHandler
                0x0000000008002810                DMA1_Stream2_IRQHandler
                0x0000000008002810                CAN1_RX0_IRQHandler
                0x0000000008002810                FPU_IRQHandler
                0x0000000008002810                OTG_HS_WKUP_IRQHandler
                0x0000000008002810                CAN2_SCE_IRQHandler
                0x0000000008002810                DMA2_Stream2_IRQHandler
                0x0000000008002810                SPI1_IRQHandler
                0x0000000008002810                TIM6_DAC_IRQHandler
                0x0000000008002810                TIM1_BRK_TIM9_IRQHandler
                0x0000000008002810                DCMI_IRQHandler
                0x0000000008002810                CAN2_RX0_IRQHandler
                0x0000000008002810                DMA2_Stream3_IRQHandler
                0x0000000008002810                USART6_IRQHandler
                0x0000000008002810                USART3_IRQHandler
                0x0000000008002810                CAN1_RX1_IRQHandler
                0x0000000008002810                UART5_IRQHandler
                0x0000000008002810                TIM4_IRQHandler
                0x0000000008002810                I2C1_EV_IRQHandler
                0x0000000008002810                DMA1_Stream6_IRQHandler
                0x0000000008002810                DMA1_Stream1_IRQHandler
                0x0000000008002810                UART4_IRQHandler
                0x0000000008002810                RCC_IRQHandler
                0x0000000008002810                Default_Handler
                0x0000000008002810                EXTI15_10_IRQHandler
                0x0000000008002810                DMA1_Stream7_IRQHandler
                0x0000000008002810                TIM7_IRQHandler
                0x0000000008002810                CAN2_TX_IRQHandler
                0x0000000008002810                TIM5_IRQHandler
                0x0000000008002810                DMA2_Stream7_IRQHandler
                0x0000000008002810                I2C3_EV_IRQHandler
                0x0000000008002810                EXTI9_5_IRQHandler
                0x0000000008002810                RTC_WKUP_IRQHandler
                0x0000000008002810                ETH_WKUP_IRQHandler
                0x0000000008002810                SPI2_IRQHandler
                0x0000000008002810                OTG_HS_EP1_IN_IRQHandler
                0x0000000008002810                DMA1_Stream0_IRQHandler
                0x0000000008002810                CAN1_TX_IRQHandler
                0x0000000008002810                EXTI4_IRQHandler
                0x0000000008002810                FSMC_IRQHandler
                0x0000000008002810                ETH_IRQHandler
                0x0000000008002810                OTG_HS_EP1_OUT_IRQHandler
                0x0000000008002810                WWDG_IRQHandler
                0x0000000008002810                OTG_FS_WKUP_IRQHandler
                0x0000000008002810                TIM1_TRG_COM_TIM11_IRQHandler
                0x0000000008002810                OTG_HS_IRQHandler
                0x0000000008002810                EXTI1_IRQHandler
                0x0000000008002810                USART2_IRQHandler
                0x0000000008002810                I2C2_ER_IRQHandler
                0x0000000008002810                DMA2_Stream1_IRQHandler
                0x0000000008002810                CAN1_SCE_IRQHandler
                0x0000000008002810                FLASH_IRQHandler
                0x0000000008002810                DMA2_Stream4_IRQHandler
                0x0000000008002810                USART1_IRQHandler
                0x0000000008002810                SPI3_IRQHandler
                0x0000000008002810                DMA1_Stream4_IRQHandler
                0x0000000008002810                I2C1_ER_IRQHandler
                0x0000000008002810                DMA2_Stream6_IRQHandler
                0x0000000008002810                DMA1_Stream3_IRQHandler
 *fill*         0x0000000008002812        0x2 
 .text.HAL_Init
                0x0000000008002814       0x44 ./Drivers/STM32F4xx_HAL_Driver/Src/stm32f4xx_hal.o
                0x0000000008002814                HAL_Init
 .text.HAL_InitTick
                0x0000000008002858       0x60 ./Drivers/STM32F4xx_HAL_Driver/Src/stm32f4xx_hal.o
                0x0000000008002858                HAL_InitTick
 .text.HAL_IncTick
                0x00000000080028b8       0x28 ./Drivers/STM32F4xx_HAL_Driver/Src/stm32f4xx_hal.o
                0x00000000080028b8                HAL_IncTick
 .text.HAL_GetTick
                0x00000000080028e0       0x18 ./Drivers/STM32F4xx_HAL_Driver/Src/stm32f4xx_hal.o
                0x00000000080028e0                HAL_GetTick
 .text.HAL_Delay
                0x00000000080028f8       0x48 ./Drivers/STM32F4xx_HAL_Driver/Src/stm32f4xx_hal.o
                0x00000000080028f8                HAL_Delay
 .text.HAL_ADC_Init
                0x0000000008002940       0x86 ./Drivers/STM32F4xx_HAL_Driver/Src/stm32f4xx_hal_adc.o
                0x0000000008002940                HAL_ADC_Init
 .text.HAL_ADC_IRQHandler
                0x00000000080029c6      0x220 ./Drivers/STM32F4xx_HAL_Driver/Src/stm32f4xx_hal_adc.o
                0x00000000080029c6                HAL_ADC_IRQHandler
 *fill*         0x0000000008002be6        0x2 
 .text.HAL_ADC_Start_DMA
                0x0000000008002be8      0x220 ./Drivers/STM32F4xx_HAL_Driver/Src/stm32f4xx_hal_adc.o
                0x0000000008002be8                HAL_ADC_Start_DMA
 .text.HAL_ADC_ConvCpltCallback
                0x0000000008002e08       0x14 ./Drivers/STM32F4xx_HAL_Driver/Src/stm32f4xx_hal_adc.o
                0x0000000008002e08                HAL_ADC_ConvCpltCallback
 .text.HAL_ADC_ConvHalfCpltCallback
                0x0000000008002e1c       0x14 ./Drivers/STM32F4xx_HAL_Driver/Src/stm32f4xx_hal_adc.o
                0x0000000008002e1c                HAL_ADC_ConvHalfCpltCallback
 .text.HAL_ADC_LevelOutOfWindowCallback
                0x0000000008002e30       0x14 ./Drivers/STM32F4xx_HAL_Driver/Src/stm32f4xx_hal_adc.o
                0x0000000008002e30                HAL_ADC_LevelOutOfWindowCallback
 .text.HAL_ADC_ErrorCallback
                0x0000000008002e44       0x14 ./Drivers/STM32F4xx_HAL_Driver/Src/stm32f4xx_hal_adc.o
                0x0000000008002e44                HAL_ADC_ErrorCallback
 .text.HAL_ADC_ConfigChannel
                0x0000000008002e58      0x244 ./Drivers/STM32F4xx_HAL_Driver/Src/stm32f4xx_hal_adc.o
                0x0000000008002e58                HAL_ADC_ConfigChannel
 .text.ADC_Init
                0x000000000800309c      0x1f8 ./Drivers/STM32F4xx_HAL_Driver/Src/stm32f4xx_hal_adc.o
 .text.ADC_DMAConvCplt
                0x0000000008003294       0xba ./Drivers/STM32F4xx_HAL_Driver/Src/stm32f4xx_hal_adc.o
 .text.ADC_DMAHalfConvCplt
                0x000000000800334e       0x1c ./Drivers/STM32F4xx_HAL_Driver/Src/stm32f4xx_hal_adc.o
 .text.ADC_DMAError
                0x000000000800336a       0x2e ./Drivers/STM32F4xx_HAL_Driver/Src/stm32f4xx_hal_adc.o
 .text.HAL_ADCEx_InjectedConvCpltCallback
                0x0000000008003398       0x14 ./Drivers/STM32F4xx_HAL_Driver/Src/stm32f4xx_hal_adc_ex.o
                0x0000000008003398                HAL_ADCEx_InjectedConvCpltCallback
 .text.__NVIC_SetPriorityGrouping
                0x00000000080033ac       0x48 ./Drivers/STM32F4xx_HAL_Driver/Src/stm32f4xx_hal_cortex.o
 .text.__NVIC_GetPriorityGrouping
                0x00000000080033f4       0x1c ./Drivers/STM32F4xx_HAL_Driver/Src/stm32f4xx_hal_cortex.o
 .text.__NVIC_EnableIRQ
                0x0000000008003410       0x3c ./Drivers/STM32F4xx_HAL_Driver/Src/stm32f4xx_hal_cortex.o
 .text.__NVIC_SetPriority
                0x000000000800344c       0x54 ./Drivers/STM32F4xx_HAL_Driver/Src/stm32f4xx_hal_cortex.o
 .text.NVIC_EncodePriority
                0x00000000080034a0       0x66 ./Drivers/STM32F4xx_HAL_Driver/Src/stm32f4xx_hal_cortex.o
 *fill*         0x0000000008003506        0x2 
 .text.SysTick_Config
                0x0000000008003508       0x44 ./Drivers/STM32F4xx_HAL_Driver/Src/stm32f4xx_hal_cortex.o
 .text.HAL_NVIC_SetPriorityGrouping
                0x000000000800354c       0x16 ./Drivers/STM32F4xx_HAL_Driver/Src/stm32f4xx_hal_cortex.o
                0x000000000800354c                HAL_NVIC_SetPriorityGrouping
 .text.HAL_NVIC_SetPriority
                0x0000000008003562       0x38 ./Drivers/STM32F4xx_HAL_Driver/Src/stm32f4xx_hal_cortex.o
                0x0000000008003562                HAL_NVIC_SetPriority
 .text.HAL_NVIC_EnableIRQ
                0x000000000800359a       0x1c ./Drivers/STM32F4xx_HAL_Driver/Src/stm32f4xx_hal_cortex.o
                0x000000000800359a                HAL_NVIC_EnableIRQ
 .text.HAL_SYSTICK_Config
                0x00000000080035b6       0x18 ./Drivers/STM32F4xx_HAL_Driver/Src/stm32f4xx_hal_cortex.o
                0x00000000080035b6                HAL_SYSTICK_Config
 *fill*         0x00000000080035ce        0x2 
 .text.HAL_DMA_Init
                0x00000000080035d0      0x15c ./Drivers/STM32F4xx_HAL_Driver/Src/stm32f4xx_hal_dma.o
                0x00000000080035d0                HAL_DMA_Init
 .text.HAL_DMA_Start_IT
                0x000000000800372c       0xb0 ./Drivers/STM32F4xx_HAL_Driver/Src/stm32f4xx_hal_dma.o
                0x000000000800372c                HAL_DMA_Start_IT
 .text.HAL_DMA_IRQHandler
                0x00000000080037dc      0x314 ./Drivers/STM32F4xx_HAL_Driver/Src/stm32f4xx_hal_dma.o
                0x00000000080037dc                HAL_DMA_IRQHandler
 .text.DMA_SetConfig
                0x0000000008003af0       0x5c ./Drivers/STM32F4xx_HAL_Driver/Src/stm32f4xx_hal_dma.o
 .text.DMA_CalcBaseAndBitshift
                0x0000000008003b4c       0x6c ./Drivers/STM32F4xx_HAL_Driver/Src/stm32f4xx_hal_dma.o
 .text.DMA_CheckFifoParam
                0x0000000008003bb8       0xf8 ./Drivers/STM32F4xx_HAL_Driver/Src/stm32f4xx_hal_dma.o
 .text.HAL_GPIO_Init
                0x0000000008003cb0      0x338 ./Drivers/STM32F4xx_HAL_Driver/Src/stm32f4xx_hal_gpio.o
                0x0000000008003cb0                HAL_GPIO_Init
 .text.HAL_GPIO_WritePin
                0x0000000008003fe8       0x32 ./Drivers/STM32F4xx_HAL_Driver/Src/stm32f4xx_hal_gpio.o
                0x0000000008003fe8                HAL_GPIO_WritePin
 .text.HAL_HCD_Init
                0x000000000800401a       0xc4 ./Drivers/STM32F4xx_HAL_Driver/Src/stm32f4xx_hal_hcd.o
                0x000000000800401a                HAL_HCD_Init
 .text.HAL_HCD_HC_Init
                0x00000000080040de      0x11e ./Drivers/STM32F4xx_HAL_Driver/Src/stm32f4xx_hal_hcd.o
                0x00000000080040de                HAL_HCD_HC_Init
 .text.HAL_HCD_HC_Halt
                0x00000000080041fc       0x46 ./Drivers/STM32F4xx_HAL_Driver/Src/stm32f4xx_hal_hcd.o
                0x00000000080041fc                HAL_HCD_HC_Halt
 *fill*         0x0000000008004242        0x2 
 .text.HAL_HCD_HC_SubmitRequest
                0x0000000008004244      0x2ac ./Drivers/STM32F4xx_HAL_Driver/Src/stm32f4xx_hal_hcd.o
                0x0000000008004244                HAL_HCD_HC_SubmitRequest
 .text.HAL_HCD_IRQHandler
                0x00000000080044f0      0x216 ./Drivers/STM32F4xx_HAL_Driver/Src/stm32f4xx_hal_hcd.o
                0x00000000080044f0                HAL_HCD_IRQHandler
 .text.HAL_HCD_Start
                0x0000000008004706       0x46 ./Drivers/STM32F4xx_HAL_Driver/Src/stm32f4xx_hal_hcd.o
                0x0000000008004706                HAL_HCD_Start
 .text.HAL_HCD_Stop
                0x000000000800474c       0x3a ./Drivers/STM32F4xx_HAL_Driver/Src/stm32f4xx_hal_hcd.o
                0x000000000800474c                HAL_HCD_Stop
 .text.HAL_HCD_ResetPort
                0x0000000008004786       0x1c ./Drivers/STM32F4xx_HAL_Driver/Src/stm32f4xx_hal_hcd.o
                0x0000000008004786                HAL_HCD_ResetPort
 .text.HAL_HCD_HC_GetURBState
                0x00000000080047a2       0x28 ./Drivers/STM32F4xx_HAL_Driver/Src/stm32f4xx_hal_hcd.o
                0x00000000080047a2                HAL_HCD_HC_GetURBState
 .text.HAL_HCD_HC_GetXferCount
                0x00000000080047ca       0x28 ./Drivers/STM32F4xx_HAL_Driver/Src/stm32f4xx_hal_hcd.o
                0x00000000080047ca                HAL_HCD_HC_GetXferCount
 .text.HAL_HCD_GetCurrentFrame
                0x00000000080047f2       0x1c ./Drivers/STM32F4xx_HAL_Driver/Src/stm32f4xx_hal_hcd.o
                0x00000000080047f2                HAL_HCD_GetCurrentFrame
 .text.HAL_HCD_GetCurrentSpeed
                0x000000000800480e       0x1c ./Drivers/STM32F4xx_HAL_Driver/Src/stm32f4xx_hal_hcd.o
                0x000000000800480e                HAL_HCD_GetCurrentSpeed
 .text.HCD_HC_IN_IRQHandler
                0x000000000800482a      0x6aa ./Drivers/STM32F4xx_HAL_Driver/Src/stm32f4xx_hal_hcd.o
 .text.HCD_HC_OUT_IRQHandler
                0x0000000008004ed4      0x6d2 ./Drivers/STM32F4xx_HAL_Driver/Src/stm32f4xx_hal_hcd.o
 .text.HCD_RXQLVL_IRQHandler
                0x00000000080055a6      0x1a4 ./Drivers/STM32F4xx_HAL_Driver/Src/stm32f4xx_hal_hcd.o
 .text.HCD_Port_IRQHandler
                0x000000000800574a       0xe6 ./Drivers/STM32F4xx_HAL_Driver/Src/stm32f4xx_hal_hcd.o
 .text.HAL_RCC_OscConfig
                0x0000000008005830      0x4f0 ./Drivers/STM32F4xx_HAL_Driver/Src/stm32f4xx_hal_rcc.o
                0x0000000008005830                HAL_RCC_OscConfig
 .text.HAL_RCC_ClockConfig
                0x0000000008005d20      0x1cc ./Drivers/STM32F4xx_HAL_Driver/Src/stm32f4xx_hal_rcc.o
                0x0000000008005d20                HAL_RCC_ClockConfig
 .text.HAL_RCC_GetSysClockFreq
                0x0000000008005eec      0x20c ./Drivers/STM32F4xx_HAL_Driver/Src/stm32f4xx_hal_rcc.o
                0x0000000008005eec                HAL_RCC_GetSysClockFreq
 .text.HAL_SPI_Init
                0x00000000080060f8      0x112 ./Drivers/STM32F4xx_HAL_Driver/Src/stm32f4xx_hal_spi.o
                0x00000000080060f8                HAL_SPI_Init
 .text.HAL_TIM_Base_Init
                0x000000000800620a       0x9e ./Drivers/STM32F4xx_HAL_Driver/Src/stm32f4xx_hal_tim.o
                0x000000000800620a                HAL_TIM_Base_Init
 .text.HAL_TIM_Base_Start
                0x00000000080062a8       0xd0 ./Drivers/STM32F4xx_HAL_Driver/Src/stm32f4xx_hal_tim.o
                0x00000000080062a8                HAL_TIM_Base_Start
 .text.HAL_TIM_Base_Stop
                0x0000000008006378       0x4e ./Drivers/STM32F4xx_HAL_Driver/Src/stm32f4xx_hal_tim.o
                0x0000000008006378                HAL_TIM_Base_Stop
 *fill*         0x00000000080063c6        0x2 
 .text.HAL_TIM_Base_Start_IT
                0x00000000080063c8       0xe0 ./Drivers/STM32F4xx_HAL_Driver/Src/stm32f4xx_hal_tim.o
                0x00000000080063c8                HAL_TIM_Base_Start_IT
 .text.HAL_TIM_PWM_Init
                0x00000000080064a8       0x9e ./Drivers/STM32F4xx_HAL_Driver/Src/stm32f4xx_hal_tim.o
                0x00000000080064a8                HAL_TIM_PWM_Init
 .text.HAL_TIM_PWM_MspInit
                0x0000000008006546       0x14 ./Drivers/STM32F4xx_HAL_Driver/Src/stm32f4xx_hal_tim.o
                0x0000000008006546                HAL_TIM_PWM_MspInit
 *fill*         0x000000000800655a        0x2 
 .text.HAL_TIM_PWM_Start
                0x000000000800655c      0x190 ./Drivers/STM32F4xx_HAL_Driver/Src/stm32f4xx_hal_tim.o
                0x000000000800655c                HAL_TIM_PWM_Start
 .text.HAL_TIM_IC_Init
                0x00000000080066ec       0x9e ./Drivers/STM32F4xx_HAL_Driver/Src/stm32f4xx_hal_tim.o
                0x00000000080066ec                HAL_TIM_IC_Init
 .text.HAL_TIM_IC_MspInit
                0x000000000800678a       0x14 ./Drivers/STM32F4xx_HAL_Driver/Src/stm32f4xx_hal_tim.o
                0x000000000800678a                HAL_TIM_IC_MspInit
 *fill*         0x000000000800679e        0x2 
 .text.HAL_TIM_IC_Start_IT
                0x00000000080067a0      0x250 ./Drivers/STM32F4xx_HAL_Driver/Src/stm32f4xx_hal_tim.o
                0x00000000080067a0                HAL_TIM_IC_Start_IT
 .text.HAL_TIM_IC_Stop_IT
                0x00000000080069f0      0x15c ./Drivers/STM32F4xx_HAL_Driver/Src/stm32f4xx_hal_tim.o
                0x00000000080069f0                HAL_TIM_IC_Stop_IT
 .text.HAL_TIM_Encoder_Init
                0x0000000008006b4c      0x14c ./Drivers/STM32F4xx_HAL_Driver/Src/stm32f4xx_hal_tim.o
                0x0000000008006b4c                HAL_TIM_Encoder_Init
 .text.HAL_TIM_Encoder_Start
                0x0000000008006c98      0x11c ./Drivers/STM32F4xx_HAL_Driver/Src/stm32f4xx_hal_tim.o
                0x0000000008006c98                HAL_TIM_Encoder_Start
 .text.HAL_TIM_IRQHandler
                0x0000000008006db4      0x210 ./Drivers/STM32F4xx_HAL_Driver/Src/stm32f4xx_hal_tim.o
                0x0000000008006db4                HAL_TIM_IRQHandler
 .text.HAL_TIM_IC_ConfigChannel
                0x0000000008006fc4      0x138 ./Drivers/STM32F4xx_HAL_Driver/Src/stm32f4xx_hal_tim.o
                0x0000000008006fc4                HAL_TIM_IC_ConfigChannel
 .text.HAL_TIM_PWM_ConfigChannel
                0x00000000080070fc      0x184 ./Drivers/STM32F4xx_HAL_Driver/Src/stm32f4xx_hal_tim.o
                0x00000000080070fc                HAL_TIM_PWM_ConfigChannel
 .text.HAL_TIM_ConfigClockSource
                0x0000000008007280      0x18e ./Drivers/STM32F4xx_HAL_Driver/Src/stm32f4xx_hal_tim.o
                0x0000000008007280                HAL_TIM_ConfigClockSource
 *fill*         0x000000000800740e        0x2 
 .text.HAL_TIM_ReadCapturedValue
                0x0000000008007410       0x88 ./Drivers/STM32F4xx_HAL_Driver/Src/stm32f4xx_hal_tim.o
                0x0000000008007410                HAL_TIM_ReadCapturedValue
 .text.HAL_TIM_OC_DelayElapsedCallback
                0x0000000008007498       0x14 ./Drivers/STM32F4xx_HAL_Driver/Src/stm32f4xx_hal_tim.o
                0x0000000008007498                HAL_TIM_OC_DelayElapsedCallback
 .text.HAL_TIM_PWM_PulseFinishedCallback
                0x00000000080074ac       0x14 ./Drivers/STM32F4xx_HAL_Driver/Src/stm32f4xx_hal_tim.o
                0x00000000080074ac                HAL_TIM_PWM_PulseFinishedCallback
 .text.HAL_TIM_TriggerCallback
                0x00000000080074c0       0x14 ./Drivers/STM32F4xx_HAL_Driver/Src/stm32f4xx_hal_tim.o
                0x00000000080074c0                HAL_TIM_TriggerCallback
 .text.TIM_Base_SetConfig
                0x00000000080074d4      0x140 ./Drivers/STM32F4xx_HAL_Driver/Src/stm32f4xx_hal_tim.o
                0x00000000080074d4                TIM_Base_SetConfig
 .text.TIM_OC1_SetConfig
                0x0000000008007614       0xe0 ./Drivers/STM32F4xx_HAL_Driver/Src/stm32f4xx_hal_tim.o
 .text.TIM_OC2_SetConfig
                0x00000000080076f4       0xec ./Drivers/STM32F4xx_HAL_Driver/Src/stm32f4xx_hal_tim.o
                0x00000000080076f4                TIM_OC2_SetConfig
 .text.TIM_OC3_SetConfig
                0x00000000080077e0       0xe8 ./Drivers/STM32F4xx_HAL_Driver/Src/stm32f4xx_hal_tim.o
 .text.TIM_OC4_SetConfig
                0x00000000080078c8       0xac ./Drivers/STM32F4xx_HAL_Driver/Src/stm32f4xx_hal_tim.o
 .text.TIM_TI1_SetConfig
                0x0000000008007974       0xe8 ./Drivers/STM32F4xx_HAL_Driver/Src/stm32f4xx_hal_tim.o
                0x0000000008007974                TIM_TI1_SetConfig
 .text.TIM_TI1_ConfigInputStage
                0x0000000008007a5c       0x5e ./Drivers/STM32F4xx_HAL_Driver/Src/stm32f4xx_hal_tim.o
 .text.TIM_TI2_SetConfig
                0x0000000008007aba       0x7a ./Drivers/STM32F4xx_HAL_Driver/Src/stm32f4xx_hal_tim.o
 .text.TIM_TI2_ConfigInputStage
                0x0000000008007b34       0x60 ./Drivers/STM32F4xx_HAL_Driver/Src/stm32f4xx_hal_tim.o
 .text.TIM_TI3_SetConfig
                0x0000000008007b94       0x78 ./Drivers/STM32F4xx_HAL_Driver/Src/stm32f4xx_hal_tim.o
 .text.TIM_TI4_SetConfig
                0x0000000008007c0c       0x7a ./Drivers/STM32F4xx_HAL_Driver/Src/stm32f4xx_hal_tim.o
 .text.TIM_ITRx_SetConfig
                0x0000000008007c86       0x36 ./Drivers/STM32F4xx_HAL_Driver/Src/stm32f4xx_hal_tim.o
 .text.TIM_ETR_SetConfig
                0x0000000008007cbc       0x40 ./Drivers/STM32F4xx_HAL_Driver/Src/stm32f4xx_hal_tim.o
                0x0000000008007cbc                TIM_ETR_SetConfig
 .text.TIM_CCxChannelCmd
                0x0000000008007cfc       0x4a ./Drivers/STM32F4xx_HAL_Driver/Src/stm32f4xx_hal_tim.o
                0x0000000008007cfc                TIM_CCxChannelCmd
 *fill*         0x0000000008007d46        0x2 
 .text.HAL_TIMEx_MasterConfigSynchronization
                0x0000000008007d48       0xf8 ./Drivers/STM32F4xx_HAL_Driver/Src/stm32f4xx_hal_tim_ex.o
                0x0000000008007d48                HAL_TIMEx_MasterConfigSynchronization
 .text.HAL_TIMEx_CommutCallback
                0x0000000008007e40       0x14 ./Drivers/STM32F4xx_HAL_Driver/Src/stm32f4xx_hal_tim_ex.o
                0x0000000008007e40                HAL_TIMEx_CommutCallback
 .text.HAL_TIMEx_BreakCallback
                0x0000000008007e54       0x14 ./Drivers/STM32F4xx_HAL_Driver/Src/stm32f4xx_hal_tim_ex.o
                0x0000000008007e54                HAL_TIMEx_BreakCallback
 .text.USB_CoreInit
                0x0000000008007e68       0xc2 ./Drivers/STM32F4xx_HAL_Driver/Src/stm32f4xx_ll_usb.o
                0x0000000008007e68                USB_CoreInit
 .text.USB_EnableGlobalInt
                0x0000000008007f2a       0x22 ./Drivers/STM32F4xx_HAL_Driver/Src/stm32f4xx_ll_usb.o
                0x0000000008007f2a                USB_EnableGlobalInt
 .text.USB_DisableGlobalInt
                0x0000000008007f4c       0x22 ./Drivers/STM32F4xx_HAL_Driver/Src/stm32f4xx_ll_usb.o
                0x0000000008007f4c                USB_DisableGlobalInt
 .text.USB_SetCurrentMode
                0x0000000008007f6e       0x98 ./Drivers/STM32F4xx_HAL_Driver/Src/stm32f4xx_ll_usb.o
                0x0000000008007f6e                USB_SetCurrentMode
 *fill*         0x0000000008008006        0x2 
 .text.USB_FlushTxFifo
                0x0000000008008008       0x68 ./Drivers/STM32F4xx_HAL_Driver/Src/stm32f4xx_ll_usb.o
                0x0000000008008008                USB_FlushTxFifo
 .text.USB_FlushRxFifo
                0x0000000008008070       0x60 ./Drivers/STM32F4xx_HAL_Driver/Src/stm32f4xx_ll_usb.o
                0x0000000008008070                USB_FlushRxFifo
 .text.USB_WritePacket
                0x00000000080080d0       0x7c ./Drivers/STM32F4xx_HAL_Driver/Src/stm32f4xx_ll_usb.o
                0x00000000080080d0                USB_WritePacket
 .text.USB_ReadPacket
                0x000000000800814c       0xb0 ./Drivers/STM32F4xx_HAL_Driver/Src/stm32f4xx_ll_usb.o
                0x000000000800814c                USB_ReadPacket
 .text.USB_ReadInterrupts
                0x00000000080081fc       0x26 ./Drivers/STM32F4xx_HAL_Driver/Src/stm32f4xx_ll_usb.o
                0x00000000080081fc                USB_ReadInterrupts
 .text.USB_GetMode
                0x0000000008008222       0x1c ./Drivers/STM32F4xx_HAL_Driver/Src/stm32f4xx_ll_usb.o
                0x0000000008008222                USB_GetMode
 *fill*         0x000000000800823e        0x2 
 .text.USB_CoreReset
                0x0000000008008240       0x68 ./Drivers/STM32F4xx_HAL_Driver/Src/stm32f4xx_ll_usb.o
 .text.USB_HostInit
                0x00000000080082a8      0x180 ./Drivers/STM32F4xx_HAL_Driver/Src/stm32f4xx_ll_usb.o
                0x00000000080082a8                USB_HostInit
 .text.USB_InitFSLSPClkSel
                0x0000000008008428       0x74 ./Drivers/STM32F4xx_HAL_Driver/Src/stm32f4xx_ll_usb.o
                0x0000000008008428                USB_InitFSLSPClkSel
 .text.USB_ResetPort
                0x000000000800849c       0x54 ./Drivers/STM32F4xx_HAL_Driver/Src/stm32f4xx_ll_usb.o
                0x000000000800849c                USB_ResetPort
 .text.USB_DriveVbus
                0x00000000080084f0       0x72 ./Drivers/STM32F4xx_HAL_Driver/Src/stm32f4xx_ll_usb.o
                0x00000000080084f0                USB_DriveVbus
 .text.USB_GetHostSpeed
                0x0000000008008562       0x2e ./Drivers/STM32F4xx_HAL_Driver/Src/stm32f4xx_ll_usb.o
                0x0000000008008562                USB_GetHostSpeed
 .text.USB_GetCurrentFrame
                0x0000000008008590       0x22 ./Drivers/STM32F4xx_HAL_Driver/Src/stm32f4xx_ll_usb.o
                0x0000000008008590                USB_GetCurrentFrame
 *fill*         0x00000000080085b2        0x2 
 .text.USB_HC_Init
                0x00000000080085b4      0x244 ./Drivers/STM32F4xx_HAL_Driver/Src/stm32f4xx_ll_usb.o
                0x00000000080085b4                USB_HC_Init
 .text.USB_HC_StartXfer
                0x00000000080087f8      0x284 ./Drivers/STM32F4xx_HAL_Driver/Src/stm32f4xx_ll_usb.o
                0x00000000080087f8                USB_HC_StartXfer
 .text.USB_HC_ReadInterrupt
                0x0000000008008a7c       0x22 ./Drivers/STM32F4xx_HAL_Driver/Src/stm32f4xx_ll_usb.o
                0x0000000008008a7c                USB_HC_ReadInterrupt
 .text.USB_HC_Halt
                0x0000000008008a9e      0x1f8 ./Drivers/STM32F4xx_HAL_Driver/Src/stm32f4xx_ll_usb.o
                0x0000000008008a9e                USB_HC_Halt
 *fill*         0x0000000008008c96        0x2 
 .text.USB_DoPing
                0x0000000008008c98       0x78 ./Drivers/STM32F4xx_HAL_Driver/Src/stm32f4xx_ll_usb.o
                0x0000000008008c98                USB_DoPing
 .text.USB_StopHost
                0x0000000008008d10      0x124 ./Drivers/STM32F4xx_HAL_Driver/Src/stm32f4xx_ll_usb.o
                0x0000000008008d10                USB_StopHost
 .text.USBH_CDC_InterfaceInit
                0x0000000008008e34      0x2ac ./Middlewares/ST/STM32_USB_Host_Library/Class/CDC/Src/usbh_cdc.o
 .text.USBH_CDC_InterfaceDeInit
                0x00000000080090e0       0xb2 ./Middlewares/ST/STM32_USB_Host_Library/Class/CDC/Src/usbh_cdc.o
 .text.USBH_CDC_ClassRequest
                0x0000000008009192       0x3e ./Middlewares/ST/STM32_USB_Host_Library/Class/CDC/Src/usbh_cdc.o
 .text.USBH_CDC_Process
                0x00000000080091d0      0x12c ./Middlewares/ST/STM32_USB_Host_Library/Class/CDC/Src/usbh_cdc.o
 .text.USBH_CDC_SOFProcess
                0x00000000080092fc       0x16 ./Middlewares/ST/STM32_USB_Host_Library/Class/CDC/Src/usbh_cdc.o
 .text.GetLineCoding
                0x0000000008009312       0x3e ./Middlewares/ST/STM32_USB_Host_Library/Class/CDC/Src/usbh_cdc.o
 .text.SetLineCoding
                0x0000000008009350       0x3e ./Middlewares/ST/STM32_USB_Host_Library/Class/CDC/Src/usbh_cdc.o
 .text.CDC_ProcessTransmission
                0x000000000800938e       0xec ./Middlewares/ST/STM32_USB_Host_Library/Class/CDC/Src/usbh_cdc.o
 .text.CDC_ProcessReception
                0x000000000800947a       0xb6 ./Middlewares/ST/STM32_USB_Host_Library/Class/CDC/Src/usbh_cdc.o
 .text.USBH_CDC_TransmitCallback
                0x0000000008009530       0x14 ./Middlewares/ST/STM32_USB_Host_Library/Class/CDC/Src/usbh_cdc.o
                0x0000000008009530                USBH_CDC_TransmitCallback
 .text.USBH_CDC_ReceiveCallback
                0x0000000008009544       0x14 ./Middlewares/ST/STM32_USB_Host_Library/Class/CDC/Src/usbh_cdc.o
                0x0000000008009544                USBH_CDC_ReceiveCallback
 .text.USBH_CDC_LineCodingChanged
                0x0000000008009558       0x14 ./Middlewares/ST/STM32_USB_Host_Library/Class/CDC/Src/usbh_cdc.o
                0x0000000008009558                USBH_CDC_LineCodingChanged
 .text.USBH_Init
                0x000000000800956c       0x74 ./Middlewares/ST/STM32_USB_Host_Library/Core/Src/usbh_core.o
                0x000000000800956c                USBH_Init
 .text.DeInitStateMachine
                0x00000000080095e0       0xa8 ./Middlewares/ST/STM32_USB_Host_Library/Core/Src/usbh_core.o
 .text.USBH_RegisterClass
                0x0000000008009688       0x54 ./Middlewares/ST/STM32_USB_Host_Library/Core/Src/usbh_core.o
                0x0000000008009688                USBH_RegisterClass
 .text.USBH_SelectInterface
                0x00000000080096dc       0x38 ./Middlewares/ST/STM32_USB_Host_Library/Core/Src/usbh_core.o
                0x00000000080096dc                USBH_SelectInterface
 .text.USBH_FindInterface
                0x0000000008009714       0x8c ./Middlewares/ST/STM32_USB_Host_Library/Core/Src/usbh_core.o
                0x0000000008009714                USBH_FindInterface
 .text.USBH_Start
                0x00000000080097a0       0x20 ./Middlewares/ST/STM32_USB_Host_Library/Core/Src/usbh_core.o
                0x00000000080097a0                USBH_Start
 .text.USBH_Process
                0x00000000080097c0      0x3d8 ./Middlewares/ST/STM32_USB_Host_Library/Core/Src/usbh_core.o
                0x00000000080097c0                USBH_Process
 .text.USBH_HandleEnum
                0x0000000008009b98      0x3c8 ./Middlewares/ST/STM32_USB_Host_Library/Core/Src/usbh_core.o
 .text.USBH_LL_SetTimer
                0x0000000008009f60       0x1e ./Middlewares/ST/STM32_USB_Host_Library/Core/Src/usbh_core.o
                0x0000000008009f60                USBH_LL_SetTimer
 .text.USBH_LL_IncTimer
                0x0000000008009f7e       0x24 ./Middlewares/ST/STM32_USB_Host_Library/Core/Src/usbh_core.o
                0x0000000008009f7e                USBH_LL_IncTimer
 .text.USBH_HandleSof
                0x0000000008009fa2       0x30 ./Middlewares/ST/STM32_USB_Host_Library/Core/Src/usbh_core.o
 .text.USBH_LL_PortEnabled
                0x0000000008009fd2       0x1c ./Middlewares/ST/STM32_USB_Host_Library/Core/Src/usbh_core.o
                0x0000000008009fd2                USBH_LL_PortEnabled
 .text.USBH_LL_PortDisabled
                0x0000000008009fee       0x1c ./Middlewares/ST/STM32_USB_Host_Library/Core/Src/usbh_core.o
                0x0000000008009fee                USBH_LL_PortDisabled
 .text.USBH_LL_Connect
                0x000000000800a00a       0x2e ./Middlewares/ST/STM32_USB_Host_Library/Core/Src/usbh_core.o
                0x000000000800a00a                USBH_LL_Connect
 .text.USBH_LL_Disconnect
                0x000000000800a038       0x48 ./Middlewares/ST/STM32_USB_Host_Library/Core/Src/usbh_core.o
                0x000000000800a038                USBH_LL_Disconnect
 .text.USBH_Get_DevDesc
                0x000000000800a080       0x50 ./Middlewares/ST/STM32_USB_Host_Library/Core/Src/usbh_ctlreq.o
                0x000000000800a080                USBH_Get_DevDesc
 .text.USBH_Get_CfgDesc
                0x000000000800a0d0       0x48 ./Middlewares/ST/STM32_USB_Host_Library/Core/Src/usbh_ctlreq.o
                0x000000000800a0d0                USBH_Get_CfgDesc
 .text.USBH_Get_StringDesc
                0x000000000800a118       0x56 ./Middlewares/ST/STM32_USB_Host_Library/Core/Src/usbh_ctlreq.o
                0x000000000800a118                USBH_Get_StringDesc
 .text.USBH_GetDescriptor
                0x000000000800a16e       0x6a ./Middlewares/ST/STM32_USB_Host_Library/Core/Src/usbh_ctlreq.o
                0x000000000800a16e                USBH_GetDescriptor
 .text.USBH_SetAddress
                0x000000000800a1d8       0x48 ./Middlewares/ST/STM32_USB_Host_Library/Core/Src/usbh_ctlreq.o
                0x000000000800a1d8                USBH_SetAddress
 .text.USBH_SetCfg
                0x000000000800a220       0x46 ./Middlewares/ST/STM32_USB_Host_Library/Core/Src/usbh_ctlreq.o
                0x000000000800a220                USBH_SetCfg
 .text.USBH_SetFeature
                0x000000000800a266       0x48 ./Middlewares/ST/STM32_USB_Host_Library/Core/Src/usbh_ctlreq.o
                0x000000000800a266                USBH_SetFeature
 .text.USBH_ClrFeature
                0x000000000800a2ae       0x48 ./Middlewares/ST/STM32_USB_Host_Library/Core/Src/usbh_ctlreq.o
                0x000000000800a2ae                USBH_ClrFeature
 *fill*         0x000000000800a2f6        0x2 
 .text.USBH_ParseDevDesc
                0x000000000800a2f8      0x124 ./Middlewares/ST/STM32_USB_Host_Library/Core/Src/usbh_ctlreq.o
 .text.USBH_ParseCfgDesc
                0x000000000800a41c      0x1ec ./Middlewares/ST/STM32_USB_Host_Library/Core/Src/usbh_ctlreq.o
 .text.USBH_ParseInterfaceDesc
                0x000000000800a608       0x5e ./Middlewares/ST/STM32_USB_Host_Library/Core/Src/usbh_ctlreq.o
 .text.USBH_ParseEPDesc
                0x000000000800a666      0x14a ./Middlewares/ST/STM32_USB_Host_Library/Core/Src/usbh_ctlreq.o
 .text.USBH_ParseStringDesc
                0x000000000800a7b0       0x66 ./Middlewares/ST/STM32_USB_Host_Library/Core/Src/usbh_ctlreq.o
 .text.USBH_GetNextDesc
                0x000000000800a816       0x36 ./Middlewares/ST/STM32_USB_Host_Library/Core/Src/usbh_ctlreq.o
                0x000000000800a816                USBH_GetNextDesc
 .text.USBH_CtlReq
                0x000000000800a84c       0x7a ./Middlewares/ST/STM32_USB_Host_Library/Core/Src/usbh_ctlreq.o
                0x000000000800a84c                USBH_CtlReq
 *fill*         0x000000000800a8c6        0x2 
 .text.USBH_HandleControl
                0x000000000800a8c8      0x2e8 ./Middlewares/ST/STM32_USB_Host_Library/Core/Src/usbh_ctlreq.o
 .text.USBH_CtlSendSetup
                0x000000000800abb0       0x34 ./Middlewares/ST/STM32_USB_Host_Library/Core/Src/usbh_ioreq.o
                0x000000000800abb0                USBH_CtlSendSetup
 .text.USBH_CtlSendData
                0x000000000800abe4       0x4a ./Middlewares/ST/STM32_USB_Host_Library/Core/Src/usbh_ioreq.o
                0x000000000800abe4                USBH_CtlSendData
 .text.USBH_CtlReceiveData
                0x000000000800ac2e       0x3c ./Middlewares/ST/STM32_USB_Host_Library/Core/Src/usbh_ioreq.o
                0x000000000800ac2e                USBH_CtlReceiveData
 .text.USBH_BulkSendData
                0x000000000800ac6a       0x4a ./Middlewares/ST/STM32_USB_Host_Library/Core/Src/usbh_ioreq.o
                0x000000000800ac6a                USBH_BulkSendData
 .text.USBH_BulkReceiveData
                0x000000000800acb4       0x3c ./Middlewares/ST/STM32_USB_Host_Library/Core/Src/usbh_ioreq.o
                0x000000000800acb4                USBH_BulkReceiveData
 .text.USBH_OpenPipe
                0x000000000800acf0       0x3e ./Middlewares/ST/STM32_USB_Host_Library/Core/Src/usbh_pipes.o
                0x000000000800acf0                USBH_OpenPipe
 .text.USBH_ClosePipe
                0x000000000800ad2e       0x20 ./Middlewares/ST/STM32_USB_Host_Library/Core/Src/usbh_pipes.o
                0x000000000800ad2e                USBH_ClosePipe
 .text.USBH_AllocPipe
                0x000000000800ad4e       0x42 ./Middlewares/ST/STM32_USB_Host_Library/Core/Src/usbh_pipes.o
                0x000000000800ad4e                USBH_AllocPipe
 .text.USBH_FreePipe
                0x000000000800ad90       0x3c ./Middlewares/ST/STM32_USB_Host_Library/Core/Src/usbh_pipes.o
                0x000000000800ad90                USBH_FreePipe
 .text.USBH_GetFreePipe
                0x000000000800adcc       0x48 ./Middlewares/ST/STM32_USB_Host_Library/Core/Src/usbh_pipes.o
 .text.MX_USB_HOST_Init
                0x000000000800ae14       0x4c ./USB_HOST/App/usb_host.o
                0x000000000800ae14                MX_USB_HOST_Init
 .text.MX_USB_HOST_Process
                0x000000000800ae60       0x14 ./USB_HOST/App/usb_host.o
                0x000000000800ae60                MX_USB_HOST_Process
 .text.USBH_UserProcess
                0x000000000800ae74       0x5c ./USB_HOST/App/usb_host.o
 .text.HAL_HCD_MspInit
                0x000000000800aed0       0xc4 ./USB_HOST/Target/usbh_conf.o
                0x000000000800aed0                HAL_HCD_MspInit
 .text.HAL_HCD_SOF_Callback
                0x000000000800af94       0x1c ./USB_HOST/Target/usbh_conf.o
                0x000000000800af94                HAL_HCD_SOF_Callback
 .text.HAL_HCD_Connect_Callback
                0x000000000800afb0       0x1c ./USB_HOST/Target/usbh_conf.o
                0x000000000800afb0                HAL_HCD_Connect_Callback
 .text.HAL_HCD_Disconnect_Callback
                0x000000000800afcc       0x1c ./USB_HOST/Target/usbh_conf.o
                0x000000000800afcc                HAL_HCD_Disconnect_Callback
 .text.HAL_HCD_HC_NotifyURBChange_Callback
                0x000000000800afe8       0x1c ./USB_HOST/Target/usbh_conf.o
                0x000000000800afe8                HAL_HCD_HC_NotifyURBChange_Callback
 .text.HAL_HCD_PortEnabled_Callback
                0x000000000800b004       0x1c ./USB_HOST/Target/usbh_conf.o
                0x000000000800b004                HAL_HCD_PortEnabled_Callback
 .text.HAL_HCD_PortDisabled_Callback
                0x000000000800b020       0x1c ./USB_HOST/Target/usbh_conf.o
                0x000000000800b020                HAL_HCD_PortDisabled_Callback
 .text.USBH_LL_Init
                0x000000000800b03c       0x78 ./USB_HOST/Target/usbh_conf.o
                0x000000000800b03c                USBH_LL_Init
 .text.USBH_LL_Start
                0x000000000800b0b4       0x36 ./USB_HOST/Target/usbh_conf.o
                0x000000000800b0b4                USBH_LL_Start
 .text.USBH_LL_Stop
                0x000000000800b0ea       0x36 ./USB_HOST/Target/usbh_conf.o
                0x000000000800b0ea                USBH_LL_Stop
 .text.USBH_LL_GetSpeed
                0x000000000800b120       0x4e ./USB_HOST/Target/usbh_conf.o
                0x000000000800b120                USBH_LL_GetSpeed
 .text.USBH_LL_ResetPort
                0x000000000800b16e       0x36 ./USB_HOST/Target/usbh_conf.o
                0x000000000800b16e                USBH_LL_ResetPort
 .text.USBH_LL_GetLastXferSize
                0x000000000800b1a4       0x26 ./USB_HOST/Target/usbh_conf.o
                0x000000000800b1a4                USBH_LL_GetLastXferSize
 .text.USBH_LL_OpenPipe
                0x000000000800b1ca       0x5e ./USB_HOST/Target/usbh_conf.o
                0x000000000800b1ca                USBH_LL_OpenPipe
 .text.USBH_LL_ClosePipe
                0x000000000800b228       0x3e ./USB_HOST/Target/usbh_conf.o
                0x000000000800b228                USBH_LL_ClosePipe
 .text.USBH_LL_SubmitURB
                0x000000000800b266       0x62 ./USB_HOST/Target/usbh_conf.o
                0x000000000800b266                USBH_LL_SubmitURB
 .text.USBH_LL_GetURBState
                0x000000000800b2c8       0x26 ./USB_HOST/Target/usbh_conf.o
                0x000000000800b2c8                USBH_LL_GetURBState
 .text.USBH_LL_DriverVBUS
                0x000000000800b2ee       0x2e ./USB_HOST/Target/usbh_conf.o
                0x000000000800b2ee                USBH_LL_DriverVBUS
 .text.USBH_LL_SetToggle
                0x000000000800b31c       0x60 ./USB_HOST/Target/usbh_conf.o
                0x000000000800b31c                USBH_LL_SetToggle
 .text.USBH_Delay
                0x000000000800b37c       0x16 ./USB_HOST/Target/usbh_conf.o
                0x000000000800b37c                USBH_Delay
 *fill*         0x000000000800b392        0x2 
 .text.USBH_Get_USB_Status
                0x000000000800b394       0x58 ./USB_HOST/Target/usbh_conf.o
                0x000000000800b394                USBH_Get_USB_Status
 .text.MX_DriverVbusFS
                0x000000000800b3ec       0x38 ./USB_HOST/Target/usbh_platform.o
                0x000000000800b3ec                MX_DriverVbusFS
 .text.malloc   0x000000000800b424       0x10 D:/ST/STM32CubeIDE_1.13.2/STM32CubeIDE/plugins/com.st.stm32cube.ide.mcu.externaltools.gnu-tools-for-stm32.11.3.rel1.win32_1.1.1.202309131626/tools/bin/../lib/gcc/arm-none-eabi/11.3.1/../../../../arm-none-eabi/lib/thumb/v7e-m+fp/hard\libc_nano.a(libc_a-malloc.o)
                0x000000000800b424                malloc
 .text.free     0x000000000800b434       0x10 D:/ST/STM32CubeIDE_1.13.2/STM32CubeIDE/plugins/com.st.stm32cube.ide.mcu.externaltools.gnu-tools-for-stm32.11.3.rel1.win32_1.1.1.202309131626/tools/bin/../lib/gcc/arm-none-eabi/11.3.1/../../../../arm-none-eabi/lib/thumb/v7e-m+fp/hard\libc_nano.a(libc_a-malloc.o)
                0x000000000800b434                free
 .text.sbrk_aligned
                0x000000000800b444       0x40 D:/ST/STM32CubeIDE_1.13.2/STM32CubeIDE/plugins/com.st.stm32cube.ide.mcu.externaltools.gnu-tools-for-stm32.11.3.rel1.win32_1.1.1.202309131626/tools/bin/../lib/gcc/arm-none-eabi/11.3.1/../../../../arm-none-eabi/lib/thumb/v7e-m+fp/hard\libc_nano.a(libc_a-mallocr.o)
 .text._malloc_r
                0x000000000800b484      0x100 D:/ST/STM32CubeIDE_1.13.2/STM32CubeIDE/plugins/com.st.stm32cube.ide.mcu.externaltools.gnu-tools-for-stm32.11.3.rel1.win32_1.1.1.202309131626/tools/bin/../lib/gcc/arm-none-eabi/11.3.1/../../../../arm-none-eabi/lib/thumb/v7e-m+fp/hard\libc_nano.a(libc_a-mallocr.o)
                0x000000000800b484                _malloc_r
 .text.__malloc_lock
                0x000000000800b584        0xc D:/ST/STM32CubeIDE_1.13.2/STM32CubeIDE/plugins/com.st.stm32cube.ide.mcu.externaltools.gnu-tools-for-stm32.11.3.rel1.win32_1.1.1.202309131626/tools/bin/../lib/gcc/arm-none-eabi/11.3.1/../../../../arm-none-eabi/lib/thumb/v7e-m+fp/hard\libc_nano.a(libc_a-mlock.o)
                0x000000000800b584                __malloc_lock
 .text.__malloc_unlock
                0x000000000800b590        0xc D:/ST/STM32CubeIDE_1.13.2/STM32CubeIDE/plugins/com.st.stm32cube.ide.mcu.externaltools.gnu-tools-for-stm32.11.3.rel1.win32_1.1.1.202309131626/tools/bin/../lib/gcc/arm-none-eabi/11.3.1/../../../../arm-none-eabi/lib/thumb/v7e-m+fp/hard\libc_nano.a(libc_a-mlock.o)
                0x000000000800b590                __malloc_unlock
 .text.memset   0x000000000800b59c       0x10 D:/ST/STM32CubeIDE_1.13.2/STM32CubeIDE/plugins/com.st.stm32cube.ide.mcu.externaltools.gnu-tools-for-stm32.11.3.rel1.win32_1.1.1.202309131626/tools/bin/../lib/gcc/arm-none-eabi/11.3.1/../../../../arm-none-eabi/lib/thumb/v7e-m+fp/hard\libc_nano.a(libc_a-memset.o)
                0x000000000800b59c                memset
 .text._sbrk_r  0x000000000800b5ac       0x20 D:/ST/STM32CubeIDE_1.13.2/STM32CubeIDE/plugins/com.st.stm32cube.ide.mcu.externaltools.gnu-tools-for-stm32.11.3.rel1.win32_1.1.1.202309131626/tools/bin/../lib/gcc/arm-none-eabi/11.3.1/../../../../arm-none-eabi/lib/thumb/v7e-m+fp/hard\libc_nano.a(libc_a-sbrkr.o)
                0x000000000800b5ac                _sbrk_r
 .text.__errno  0x000000000800b5cc        0xc D:/ST/STM32CubeIDE_1.13.2/STM32CubeIDE/plugins/com.st.stm32cube.ide.mcu.externaltools.gnu-tools-for-stm32.11.3.rel1.win32_1.1.1.202309131626/tools/bin/../lib/gcc/arm-none-eabi/11.3.1/../../../../arm-none-eabi/lib/thumb/v7e-m+fp/hard\libc_nano.a(libc_a-errno.o)
                0x000000000800b5cc                __errno
 .text.__libc_init_array
                0x000000000800b5d8       0x48 D:/ST/STM32CubeIDE_1.13.2/STM32CubeIDE/plugins/com.st.stm32cube.ide.mcu.externaltools.gnu-tools-for-stm32.11.3.rel1.win32_1.1.1.202309131626/tools/bin/../lib/gcc/arm-none-eabi/11.3.1/../../../../arm-none-eabi/lib/thumb/v7e-m+fp/hard\libc_nano.a(libc_a-init.o)
                0x000000000800b5d8                __libc_init_array
 .text.__retarget_lock_acquire_recursive
                0x000000000800b620        0x2 D:/ST/STM32CubeIDE_1.13.2/STM32CubeIDE/plugins/com.st.stm32cube.ide.mcu.externaltools.gnu-tools-for-stm32.11.3.rel1.win32_1.1.1.202309131626/tools/bin/../lib/gcc/arm-none-eabi/11.3.1/../../../../arm-none-eabi/lib/thumb/v7e-m+fp/hard\libc_nano.a(libc_a-lock.o)
                0x000000000800b620                __retarget_lock_acquire_recursive
 .text.__retarget_lock_release_recursive
                0x000000000800b622        0x2 D:/ST/STM32CubeIDE_1.13.2/STM32CubeIDE/plugins/com.st.stm32cube.ide.mcu.externaltools.gnu-tools-for-stm32.11.3.rel1.win32_1.1.1.202309131626/tools/bin/../lib/gcc/arm-none-eabi/11.3.1/../../../../arm-none-eabi/lib/thumb/v7e-m+fp/hard\libc_nano.a(libc_a-lock.o)
                0x000000000800b622                __retarget_lock_release_recursive
 .text._free_r  0x000000000800b624       0x98 D:/ST/STM32CubeIDE_1.13.2/STM32CubeIDE/plugins/com.st.stm32cube.ide.mcu.externaltools.gnu-tools-for-stm32.11.3.rel1.win32_1.1.1.202309131626/tools/bin/../lib/gcc/arm-none-eabi/11.3.1/../../../../arm-none-eabi/lib/thumb/v7e-m+fp/hard\libc_nano.a(libc_a-freer.o)
                0x000000000800b624                _free_r
 *(.glue_7)
 .glue_7        0x000000000800b6bc        0x0 linker stubs
 *(.glue_7t)
 .glue_7t       0x000000000800b6bc        0x0 linker stubs
 *(.eh_frame)
 .eh_frame      0x000000000800b6bc        0x0 D:/ST/STM32CubeIDE_1.13.2/STM32CubeIDE/plugins/com.st.stm32cube.ide.mcu.externaltools.gnu-tools-for-stm32.11.3.rel1.win32_1.1.1.202309131626/tools/bin/../lib/gcc/arm-none-eabi/11.3.1/thumb/v7e-m+fp/hard/crtbegin.o
 *(.init)
 .init          0x000000000800b6bc        0x4 D:/ST/STM32CubeIDE_1.13.2/STM32CubeIDE/plugins/com.st.stm32cube.ide.mcu.externaltools.gnu-tools-for-stm32.11.3.rel1.win32_1.1.1.202309131626/tools/bin/../lib/gcc/arm-none-eabi/11.3.1/thumb/v7e-m+fp/hard/crti.o
                0x000000000800b6bc                _init
 .init          0x000000000800b6c0        0x8 D:/ST/STM32CubeIDE_1.13.2/STM32CubeIDE/plugins/com.st.stm32cube.ide.mcu.externaltools.gnu-tools-for-stm32.11.3.rel1.win32_1.1.1.202309131626/tools/bin/../lib/gcc/arm-none-eabi/11.3.1/thumb/v7e-m+fp/hard/crtn.o
 *(.fini)
 .fini          0x000000000800b6c8        0x4 D:/ST/STM32CubeIDE_1.13.2/STM32CubeIDE/plugins/com.st.stm32cube.ide.mcu.externaltools.gnu-tools-for-stm32.11.3.rel1.win32_1.1.1.202309131626/tools/bin/../lib/gcc/arm-none-eabi/11.3.1/thumb/v7e-m+fp/hard/crti.o
                0x000000000800b6c8                _fini
 .fini          0x000000000800b6cc        0x8 D:/ST/STM32CubeIDE_1.13.2/STM32CubeIDE/plugins/com.st.stm32cube.ide.mcu.externaltools.gnu-tools-for-stm32.11.3.rel1.win32_1.1.1.202309131626/tools/bin/../lib/gcc/arm-none-eabi/11.3.1/thumb/v7e-m+fp/hard/crtn.o
                0x000000000800b6d4                . = ALIGN (0x4)
                0x000000000800b6d4                _etext = .

.vfp11_veneer   0x000000000800b6d4        0x0
 .vfp11_veneer  0x000000000800b6d4        0x0 linker stubs

.v4_bx          0x000000000800b6d4        0x0
 .v4_bx         0x000000000800b6d4        0x0 linker stubs

.iplt           0x000000000800b6d4        0x0
 .iplt          0x000000000800b6d4        0x0 D:/ST/STM32CubeIDE_1.13.2/STM32CubeIDE/plugins/com.st.stm32cube.ide.mcu.externaltools.gnu-tools-for-stm32.11.3.rel1.win32_1.1.1.202309131626/tools/bin/../lib/gcc/arm-none-eabi/11.3.1/thumb/v7e-m+fp/hard/crtbegin.o

.rodata         0x000000000800b6d4       0x1c
                0x000000000800b6d4                . = ALIGN (0x4)
 *(.rodata)
 .rodata        0x000000000800b6d4        0x4 ./Middlewares/ST/STM32_USB_Host_Library/Class/CDC/Src/usbh_cdc.o
 *(.rodata*)
 .rodata.AHBPrescTable
                0x000000000800b6d8       0x10 ./Core/Src/system_stm32f4xx.o
                0x000000000800b6d8                AHBPrescTable
 .rodata.flagBitshiftOffset.0
                0x000000000800b6e8        0x8 ./Drivers/STM32F4xx_HAL_Driver/Src/stm32f4xx_hal_dma.o
                0x000000000800b6f0                . = ALIGN (0x4)

.ARM.extab      0x000000000800b6f0        0x0
                0x000000000800b6f0                . = ALIGN (0x4)
 *(.ARM.extab* .gnu.linkonce.armextab.*)
                0x000000000800b6f0                . = ALIGN (0x4)

.ARM            0x000000000800b6f0        0x8
                0x000000000800b6f0                . = ALIGN (0x4)
                0x000000000800b6f0                __exidx_start = .
 *(.ARM.exidx*)
 .ARM.exidx     0x000000000800b6f0        0x8 D:/ST/STM32CubeIDE_1.13.2/STM32CubeIDE/plugins/com.st.stm32cube.ide.mcu.externaltools.gnu-tools-for-stm32.11.3.rel1.win32_1.1.1.202309131626/tools/bin/../lib/gcc/arm-none-eabi/11.3.1/thumb/v7e-m+fp/hard\libgcc.a(_udivmoddi4.o)
                0x000000000800b6f8                __exidx_end = .
                0x000000000800b6f8                . = ALIGN (0x4)

.rel.dyn        0x000000000800b6f8        0x0
 .rel.iplt      0x000000000800b6f8        0x0 D:/ST/STM32CubeIDE_1.13.2/STM32CubeIDE/plugins/com.st.stm32cube.ide.mcu.externaltools.gnu-tools-for-stm32.11.3.rel1.win32_1.1.1.202309131626/tools/bin/../lib/gcc/arm-none-eabi/11.3.1/thumb/v7e-m+fp/hard/crtbegin.o

.preinit_array  0x000000000800b6f8        0x0
                0x000000000800b6f8                . = ALIGN (0x4)
                0x000000000800b6f8                PROVIDE (__preinit_array_start = .)
 *(.preinit_array*)
                0x000000000800b6f8                PROVIDE (__preinit_array_end = .)
                0x000000000800b6f8                . = ALIGN (0x4)

.init_array     0x000000000800b6f8        0x4
                0x000000000800b6f8                . = ALIGN (0x4)
                0x000000000800b6f8                PROVIDE (__init_array_start = .)
 *(SORT_BY_NAME(.init_array.*))
 *(.init_array*)
 .init_array    0x000000000800b6f8        0x4 D:/ST/STM32CubeIDE_1.13.2/STM32CubeIDE/plugins/com.st.stm32cube.ide.mcu.externaltools.gnu-tools-for-stm32.11.3.rel1.win32_1.1.1.202309131626/tools/bin/../lib/gcc/arm-none-eabi/11.3.1/thumb/v7e-m+fp/hard/crtbegin.o
                0x000000000800b6fc                PROVIDE (__init_array_end = .)
                0x000000000800b6fc                . = ALIGN (0x4)

.fini_array     0x000000000800b6fc        0x4
                0x000000000800b6fc                . = ALIGN (0x4)
                [!provide]                        PROVIDE (__fini_array_start = .)
 *(SORT_BY_NAME(.fini_array.*))
 *(.fini_array*)
 .fini_array    0x000000000800b6fc        0x4 D:/ST/STM32CubeIDE_1.13.2/STM32CubeIDE/plugins/com.st.stm32cube.ide.mcu.externaltools.gnu-tools-for-stm32.11.3.rel1.win32_1.1.1.202309131626/tools/bin/../lib/gcc/arm-none-eabi/11.3.1/thumb/v7e-m+fp/hard/crtbegin.o
                [!provide]                        PROVIDE (__fini_array_end = .)
                0x000000000800b700                . = ALIGN (0x4)
                0x000000000800b700                _sidata = LOADADDR (.data)

.data           0x0000000020000000       0x7c load address 0x000000000800b700
                0x0000000020000000                . = ALIGN (0x4)
                0x0000000020000000                _sdata = .
 *(.data)
 *(.data*)
 .data.SystemCoreClock
                0x0000000020000000        0x4 ./Core/Src/system_stm32f4xx.o
                0x0000000020000000                SystemCoreClock
 .data.uwTickPrio
                0x0000000020000004        0x4 ./Drivers/STM32F4xx_HAL_Driver/Src/stm32f4xx_hal.o
                0x0000000020000004                uwTickPrio
 .data.uwTickFreq
                0x0000000020000008        0x1 ./Drivers/STM32F4xx_HAL_Driver/Src/stm32f4xx_hal.o
                0x0000000020000008                uwTickFreq
 *fill*         0x0000000020000009        0x3 
 .data.CDC_Class
                0x000000002000000c       0x20 ./Middlewares/ST/STM32_USB_Host_Library/Class/CDC/Src/usbh_cdc.o
                0x000000002000000c                CDC_Class
 .data._impure_data
                0x000000002000002c       0x4c D:/ST/STM32CubeIDE_1.13.2/STM32CubeIDE/plugins/com.st.stm32cube.ide.mcu.externaltools.gnu-tools-for-stm32.11.3.rel1.win32_1.1.1.202309131626/tools/bin/../lib/gcc/arm-none-eabi/11.3.1/../../../../arm-none-eabi/lib/thumb/v7e-m+fp/hard\libc_nano.a(libc_a-impure.o)
                0x000000002000002c                _impure_data
 .data._impure_ptr
                0x0000000020000078        0x4 D:/ST/STM32CubeIDE_1.13.2/STM32CubeIDE/plugins/com.st.stm32cube.ide.mcu.externaltools.gnu-tools-for-stm32.11.3.rel1.win32_1.1.1.202309131626/tools/bin/../lib/gcc/arm-none-eabi/11.3.1/../../../../arm-none-eabi/lib/thumb/v7e-m+fp/hard\libc_nano.a(libc_a-impure.o)
                0x0000000020000078                _impure_ptr
 *(.RamFunc)
 *(.RamFunc*)
                0x000000002000007c                . = ALIGN (0x4)
                0x000000002000007c                _edata = .
                0x000000000800b77c                _siccmram = LOADADDR (.ccmram)

.igot.plt       0x000000002000007c        0x0 load address 0x000000000800b77c
 .igot.plt      0x000000002000007c        0x0 D:/ST/STM32CubeIDE_1.13.2/STM32CubeIDE/plugins/com.st.stm32cube.ide.mcu.externaltools.gnu-tools-for-stm32.11.3.rel1.win32_1.1.1.202309131626/tools/bin/../lib/gcc/arm-none-eabi/11.3.1/thumb/v7e-m+fp/hard/crtbegin.o

.ccmram         0x0000000010000000        0x0 load address 0x000000000800b77c
                0x0000000010000000                . = ALIGN (0x4)
                0x0000000010000000                _sccmram = .
 *(.ccmram)
 *(.ccmram*)
                0x0000000010000000                . = ALIGN (0x4)
                0x0000000010000000                _eccmram = .
                0x0000000010000000                . = ALIGN (0x4)

.bss            0x0000000020000080      0xbb4
                0x0000000020000080                _sbss = .
                0x0000000020000080                __bss_start__ = _sbss
 *(.bss)
 .bss           0x0000000020000080       0x1c D:/ST/STM32CubeIDE_1.13.2/STM32CubeIDE/plugins/com.st.stm32cube.ide.mcu.externaltools.gnu-tools-for-stm32.11.3.rel1.win32_1.1.1.202309131626/tools/bin/../lib/gcc/arm-none-eabi/11.3.1/thumb/v7e-m+fp/hard/crtbegin.o
 *(.bss*)
 .bss.hadc1     0x000000002000009c       0x48 ./Core/Src/main.o
                0x000000002000009c                hadc1
 .bss.hdma_adc1
                0x00000000200000e4       0x60 ./Core/Src/main.o
                0x00000000200000e4                hdma_adc1
 .bss.hspi1     0x0000000020000144       0x58 ./Core/Src/main.o
                0x0000000020000144                hspi1
 .bss.htim1     0x000000002000019c       0x48 ./Core/Src/main.o
                0x000000002000019c                htim1
 .bss.htim2     0x00000000200001e4       0x48 ./Core/Src/main.o
                0x00000000200001e4                htim2
 .bss.htim3     0x000000002000022c       0x48 ./Core/Src/main.o
                0x000000002000022c                htim3
 .bss.htim9     0x0000000020000274       0x48 ./Core/Src/main.o
                0x0000000020000274                htim9
 .bss.htim12    0x00000000200002bc       0x48 ./Core/Src/main.o
                0x00000000200002bc                htim12
 .bss.servo     0x0000000020000304        0x8 ./Core/Src/main.o
                0x0000000020000304                servo
 .bss.motor     0x000000002000030c        0x8 ./Core/Src/main.o
                0x000000002000030c                motor
 *fill*         0x0000000020000314        0x4 
 .bss.enc       0x0000000020000318       0x20 ./Core/Src/main.o
                0x0000000020000318                enc
 .bss.sensor1   0x0000000020000338       0x20 ./Core/Src/main.o
                0x0000000020000338                sensor1
 .bss.sensor2   0x0000000020000358       0x20 ./Core/Src/main.o
                0x0000000020000358                sensor2
 .bss.sensor3   0x0000000020000378       0x20 ./Core/Src/main.o
                0x0000000020000378                sensor3
 .bss.filter1   0x0000000020000398       0x20 ./Core/Src/main.o
                0x0000000020000398                filter1
 .bss.filter2   0x00000000200003b8       0x20 ./Core/Src/main.o
                0x00000000200003b8                filter2
 .bss.filter3   0x00000000200003d8       0x20 ./Core/Src/main.o
                0x00000000200003d8                filter3
 .bss.adc       0x00000000200003f8        0xa ./Core/Src/main.o
                0x00000000200003f8                adc
 *fill*         0x0000000020000402        0x2 
 .bss.__sbrk_heap_end
                0x0000000020000404        0x4 ./Core/Src/sysmem.o
 .bss.uwTick    0x0000000020000408        0x4 ./Drivers/STM32F4xx_HAL_Driver/Src/stm32f4xx_hal.o
                0x0000000020000408                uwTick
 .bss.hUsbHostFS
                0x000000002000040c      0x3d8 ./USB_HOST/App/usb_host.o
                0x000000002000040c                hUsbHostFS
 .bss.Appli_state
                0x00000000200007e4        0x1 ./USB_HOST/App/usb_host.o
                0x00000000200007e4                Appli_state
 *fill*         0x00000000200007e5        0x3 
 .bss.hhcd_USB_OTG_FS
                0x00000000200007e8      0x304 ./USB_HOST/Target/usbh_conf.o
                0x00000000200007e8                hhcd_USB_OTG_FS
 .bss.__malloc_free_list
                0x0000000020000aec        0x4 D:/ST/STM32CubeIDE_1.13.2/STM32CubeIDE/plugins/com.st.stm32cube.ide.mcu.externaltools.gnu-tools-for-stm32.11.3.rel1.win32_1.1.1.202309131626/tools/bin/../lib/gcc/arm-none-eabi/11.3.1/../../../../arm-none-eabi/lib/thumb/v7e-m+fp/hard\libc_nano.a(libc_a-mallocr.o)
                0x0000000020000aec                __malloc_free_list
 .bss.__malloc_sbrk_start
                0x0000000020000af0        0x4 D:/ST/STM32CubeIDE_1.13.2/STM32CubeIDE/plugins/com.st.stm32cube.ide.mcu.externaltools.gnu-tools-for-stm32.11.3.rel1.win32_1.1.1.202309131626/tools/bin/../lib/gcc/arm-none-eabi/11.3.1/../../../../arm-none-eabi/lib/thumb/v7e-m+fp/hard\libc_nano.a(libc_a-mallocr.o)
                0x0000000020000af0                __malloc_sbrk_start
 .bss.__sf      0x0000000020000af4      0x138 D:/ST/STM32CubeIDE_1.13.2/STM32CubeIDE/plugins/com.st.stm32cube.ide.mcu.externaltools.gnu-tools-for-stm32.11.3.rel1.win32_1.1.1.202309131626/tools/bin/../lib/gcc/arm-none-eabi/11.3.1/../../../../arm-none-eabi/lib/thumb/v7e-m+fp/hard\libc_nano.a(libc_a-findfp.o)
                0x0000000020000af4                __sf
 .bss.errno     0x0000000020000c2c        0x4 D:/ST/STM32CubeIDE_1.13.2/STM32CubeIDE/plugins/com.st.stm32cube.ide.mcu.externaltools.gnu-tools-for-stm32.11.3.rel1.win32_1.1.1.202309131626/tools/bin/../lib/gcc/arm-none-eabi/11.3.1/../../../../arm-none-eabi/lib/thumb/v7e-m+fp/hard\libc_nano.a(libc_a-reent.o)
                0x0000000020000c2c                errno
 .bss.__lock___malloc_recursive_mutex
                0x0000000020000c30        0x1 D:/ST/STM32CubeIDE_1.13.2/STM32CubeIDE/plugins/com.st.stm32cube.ide.mcu.externaltools.gnu-tools-for-stm32.11.3.rel1.win32_1.1.1.202309131626/tools/bin/../lib/gcc/arm-none-eabi/11.3.1/../../../../arm-none-eabi/lib/thumb/v7e-m+fp/hard\libc_nano.a(libc_a-lock.o)
                0x0000000020000c30                __lock___malloc_recursive_mutex
 *(COMMON)
                0x0000000020000c34                . = ALIGN (0x4)
 *fill*         0x0000000020000c31        0x3 
                0x0000000020000c34                _ebss = .
                0x0000000020000c34                __bss_end__ = _ebss

._user_heap_stack
                0x0000000020000c34      0x604
                0x0000000020000c38                . = ALIGN (0x8)
 *fill*         0x0000000020000c34        0x4 
                [!provide]                        PROVIDE (end = .)
                0x0000000020000c38                PROVIDE (_end = .)
                0x0000000020000e38                . = (. + _Min_Heap_Size)
 *fill*         0x0000000020000c38      0x200 
                0x0000000020001238                . = (. + _Min_Stack_Size)
 *fill*         0x0000000020000e38      0x400 
                0x0000000020001238                . = ALIGN (0x8)

/DISCARD/
 libc.a(*)
 libm.a(*)
 libgcc.a(*)

.ARM.attributes
                0x0000000000000000       0x30
 *(.ARM.attributes)
 .ARM.attributes
                0x0000000000000000       0x1e D:/ST/STM32CubeIDE_1.13.2/STM32CubeIDE/plugins/com.st.stm32cube.ide.mcu.externaltools.gnu-tools-for-stm32.11.3.rel1.win32_1.1.1.202309131626/tools/bin/../lib/gcc/arm-none-eabi/11.3.1/thumb/v7e-m+fp/hard/crti.o
 .ARM.attributes
                0x000000000000001e       0x34 D:/ST/STM32CubeIDE_1.13.2/STM32CubeIDE/plugins/com.st.stm32cube.ide.mcu.externaltools.gnu-tools-for-stm32.11.3.rel1.win32_1.1.1.202309131626/tools/bin/../lib/gcc/arm-none-eabi/11.3.1/thumb/v7e-m+fp/hard/crtbegin.o
 .ARM.attributes
                0x0000000000000052       0x34 ./Core/Src/AVERAGE FILTER/average_filter.o
 .ARM.attributes
                0x0000000000000086       0x34 ./Core/Src/Encoder/Encoder.o
 .ARM.attributes
                0x00000000000000ba       0x34 ./Core/Src/PWM control/PWMcontrol.o
 .ARM.attributes
                0x00000000000000ee       0x34 ./Core/Src/UltraSonic/ultraSonic.o
 .ARM.attributes
                0x0000000000000122       0x34 ./Core/Src/main.o
 .ARM.attributes
                0x0000000000000156       0x34 ./Core/Src/stm32f4xx_hal_msp.o
 .ARM.attributes
                0x000000000000018a       0x34 ./Core/Src/stm32f4xx_it.o
 .ARM.attributes
                0x00000000000001be       0x34 ./Core/Src/sysmem.o
 .ARM.attributes
                0x00000000000001f2       0x34 ./Core/Src/system_stm32f4xx.o
 .ARM.attributes
                0x0000000000000226       0x21 ./Core/Startup/startup_stm32f407vgtx.o
 .ARM.attributes
                0x0000000000000247       0x34 ./Drivers/STM32F4xx_HAL_Driver/Src/stm32f4xx_hal.o
 .ARM.attributes
                0x000000000000027b       0x34 ./Drivers/STM32F4xx_HAL_Driver/Src/stm32f4xx_hal_adc.o
 .ARM.attributes
                0x00000000000002af       0x34 ./Drivers/STM32F4xx_HAL_Driver/Src/stm32f4xx_hal_adc_ex.o
 .ARM.attributes
                0x00000000000002e3       0x34 ./Drivers/STM32F4xx_HAL_Driver/Src/stm32f4xx_hal_cortex.o
 .ARM.attributes
                0x0000000000000317       0x34 ./Drivers/STM32F4xx_HAL_Driver/Src/stm32f4xx_hal_dma.o
 .ARM.attributes
                0x000000000000034b       0x34 ./Drivers/STM32F4xx_HAL_Driver/Src/stm32f4xx_hal_gpio.o
 .ARM.attributes
                0x000000000000037f       0x34 ./Drivers/STM32F4xx_HAL_Driver/Src/stm32f4xx_hal_hcd.o
 .ARM.attributes
                0x00000000000003b3       0x34 ./Drivers/STM32F4xx_HAL_Driver/Src/stm32f4xx_hal_rcc.o
 .ARM.attributes
                0x00000000000003e7       0x34 ./Drivers/STM32F4xx_HAL_Driver/Src/stm32f4xx_hal_spi.o
 .ARM.attributes
                0x000000000000041b       0x34 ./Drivers/STM32F4xx_HAL_Driver/Src/stm32f4xx_hal_tim.o
 .ARM.attributes
                0x000000000000044f       0x34 ./Drivers/STM32F4xx_HAL_Driver/Src/stm32f4xx_hal_tim_ex.o
 .ARM.attributes
                0x0000000000000483       0x34 ./Drivers/STM32F4xx_HAL_Driver/Src/stm32f4xx_ll_usb.o
 .ARM.attributes
                0x00000000000004b7       0x34 ./Middlewares/ST/STM32_USB_Host_Library/Class/CDC/Src/usbh_cdc.o
 .ARM.attributes
                0x00000000000004eb       0x34 ./Middlewares/ST/STM32_USB_Host_Library/Core/Src/usbh_core.o
 .ARM.attributes
                0x000000000000051f       0x34 ./Middlewares/ST/STM32_USB_Host_Library/Core/Src/usbh_ctlreq.o
 .ARM.attributes
                0x0000000000000553       0x34 ./Middlewares/ST/STM32_USB_Host_Library/Core/Src/usbh_ioreq.o
 .ARM.attributes
                0x0000000000000587       0x34 ./Middlewares/ST/STM32_USB_Host_Library/Core/Src/usbh_pipes.o
 .ARM.attributes
                0x00000000000005bb       0x34 ./USB_HOST/App/usb_host.o
 .ARM.attributes
                0x00000000000005ef       0x34 ./USB_HOST/Target/usbh_conf.o
 .ARM.attributes
                0x0000000000000623       0x34 ./USB_HOST/Target/usbh_platform.o
 .ARM.attributes
                0x0000000000000657       0x34 D:/ST/STM32CubeIDE_1.13.2/STM32CubeIDE/plugins/com.st.stm32cube.ide.mcu.externaltools.gnu-tools-for-stm32.11.3.rel1.win32_1.1.1.202309131626/tools/bin/../lib/gcc/arm-none-eabi/11.3.1/../../../../arm-none-eabi/lib/thumb/v7e-m+fp/hard\libc_nano.a(libc_a-malloc.o)
 .ARM.attributes
                0x000000000000068b       0x34 D:/ST/STM32CubeIDE_1.13.2/STM32CubeIDE/plugins/com.st.stm32cube.ide.mcu.externaltools.gnu-tools-for-stm32.11.3.rel1.win32_1.1.1.202309131626/tools/bin/../lib/gcc/arm-none-eabi/11.3.1/../../../../arm-none-eabi/lib/thumb/v7e-m+fp/hard\libc_nano.a(libc_a-mallocr.o)
 .ARM.attributes
                0x00000000000006bf       0x34 D:/ST/STM32CubeIDE_1.13.2/STM32CubeIDE/plugins/com.st.stm32cube.ide.mcu.externaltools.gnu-tools-for-stm32.11.3.rel1.win32_1.1.1.202309131626/tools/bin/../lib/gcc/arm-none-eabi/11.3.1/../../../../arm-none-eabi/lib/thumb/v7e-m+fp/hard\libc_nano.a(libc_a-mlock.o)
 .ARM.attributes
                0x00000000000006f3       0x34 D:/ST/STM32CubeIDE_1.13.2/STM32CubeIDE/plugins/com.st.stm32cube.ide.mcu.externaltools.gnu-tools-for-stm32.11.3.rel1.win32_1.1.1.202309131626/tools/bin/../lib/gcc/arm-none-eabi/11.3.1/../../../../arm-none-eabi/lib/thumb/v7e-m+fp/hard\libc_nano.a(libc_a-findfp.o)
 .ARM.attributes
                0x0000000000000727       0x34 D:/ST/STM32CubeIDE_1.13.2/STM32CubeIDE/plugins/com.st.stm32cube.ide.mcu.externaltools.gnu-tools-for-stm32.11.3.rel1.win32_1.1.1.202309131626/tools/bin/../lib/gcc/arm-none-eabi/11.3.1/../../../../arm-none-eabi/lib/thumb/v7e-m+fp/hard\libc_nano.a(libc_a-memset.o)
 .ARM.attributes
                0x000000000000075b       0x34 D:/ST/STM32CubeIDE_1.13.2/STM32CubeIDE/plugins/com.st.stm32cube.ide.mcu.externaltools.gnu-tools-for-stm32.11.3.rel1.win32_1.1.1.202309131626/tools/bin/../lib/gcc/arm-none-eabi/11.3.1/../../../../arm-none-eabi/lib/thumb/v7e-m+fp/hard\libc_nano.a(libc_a-reent.o)
 .ARM.attributes
                0x000000000000078f       0x34 D:/ST/STM32CubeIDE_1.13.2/STM32CubeIDE/plugins/com.st.stm32cube.ide.mcu.externaltools.gnu-tools-for-stm32.11.3.rel1.win32_1.1.1.202309131626/tools/bin/../lib/gcc/arm-none-eabi/11.3.1/../../../../arm-none-eabi/lib/thumb/v7e-m+fp/hard\libc_nano.a(libc_a-impure.o)
 .ARM.attributes
                0x00000000000007c3       0x34 D:/ST/STM32CubeIDE_1.13.2/STM32CubeIDE/plugins/com.st.stm32cube.ide.mcu.externaltools.gnu-tools-for-stm32.11.3.rel1.win32_1.1.1.202309131626/tools/bin/../lib/gcc/arm-none-eabi/11.3.1/../../../../arm-none-eabi/lib/thumb/v7e-m+fp/hard\libc_nano.a(libc_a-sbrkr.o)
 .ARM.attributes
                0x00000000000007f7       0x34 D:/ST/STM32CubeIDE_1.13.2/STM32CubeIDE/plugins/com.st.stm32cube.ide.mcu.externaltools.gnu-tools-for-stm32.11.3.rel1.win32_1.1.1.202309131626/tools/bin/../lib/gcc/arm-none-eabi/11.3.1/../../../../arm-none-eabi/lib/thumb/v7e-m+fp/hard\libc_nano.a(libc_a-errno.o)
 .ARM.attributes
                0x000000000000082b       0x34 D:/ST/STM32CubeIDE_1.13.2/STM32CubeIDE/plugins/com.st.stm32cube.ide.mcu.externaltools.gnu-tools-for-stm32.11.3.rel1.win32_1.1.1.202309131626/tools/bin/../lib/gcc/arm-none-eabi/11.3.1/../../../../arm-none-eabi/lib/thumb/v7e-m+fp/hard\libc_nano.a(libc_a-init.o)
 .ARM.attributes
                0x000000000000085f       0x34 D:/ST/STM32CubeIDE_1.13.2/STM32CubeIDE/plugins/com.st.stm32cube.ide.mcu.externaltools.gnu-tools-for-stm32.11.3.rel1.win32_1.1.1.202309131626/tools/bin/../lib/gcc/arm-none-eabi/11.3.1/../../../../arm-none-eabi/lib/thumb/v7e-m+fp/hard\libc_nano.a(libc_a-lock.o)
 .ARM.attributes
                0x0000000000000893       0x34 D:/ST/STM32CubeIDE_1.13.2/STM32CubeIDE/plugins/com.st.stm32cube.ide.mcu.externaltools.gnu-tools-for-stm32.11.3.rel1.win32_1.1.1.202309131626/tools/bin/../lib/gcc/arm-none-eabi/11.3.1/../../../../arm-none-eabi/lib/thumb/v7e-m+fp/hard\libc_nano.a(libc_a-freer.o)
 .ARM.attributes
                0x00000000000008c7       0x1e D:/ST/STM32CubeIDE_1.13.2/STM32CubeIDE/plugins/com.st.stm32cube.ide.mcu.externaltools.gnu-tools-for-stm32.11.3.rel1.win32_1.1.1.202309131626/tools/bin/../lib/gcc/arm-none-eabi/11.3.1/thumb/v7e-m+fp/hard\libgcc.a(_arm_addsubdf3.o)
 .ARM.attributes
                0x00000000000008e5       0x1e D:/ST/STM32CubeIDE_1.13.2/STM32CubeIDE/plugins/com.st.stm32cube.ide.mcu.externaltools.gnu-tools-for-stm32.11.3.rel1.win32_1.1.1.202309131626/tools/bin/../lib/gcc/arm-none-eabi/11.3.1/thumb/v7e-m+fp/hard\libgcc.a(_arm_muldivdf3.o)
 .ARM.attributes
                0x0000000000000903       0x1e D:/ST/STM32CubeIDE_1.13.2/STM32CubeIDE/plugins/com.st.stm32cube.ide.mcu.externaltools.gnu-tools-for-stm32.11.3.rel1.win32_1.1.1.202309131626/tools/bin/../lib/gcc/arm-none-eabi/11.3.1/thumb/v7e-m+fp/hard\libgcc.a(_arm_cmpdf2.o)
 .ARM.attributes
                0x0000000000000921       0x1e D:/ST/STM32CubeIDE_1.13.2/STM32CubeIDE/plugins/com.st.stm32cube.ide.mcu.externaltools.gnu-tools-for-stm32.11.3.rel1.win32_1.1.1.202309131626/tools/bin/../lib/gcc/arm-none-eabi/11.3.1/thumb/v7e-m+fp/hard\libgcc.a(_aeabi_uldivmod.o)
 .ARM.attributes
                0x000000000000093f       0x34 D:/ST/STM32CubeIDE_1.13.2/STM32CubeIDE/plugins/com.st.stm32cube.ide.mcu.externaltools.gnu-tools-for-stm32.11.3.rel1.win32_1.1.1.202309131626/tools/bin/../lib/gcc/arm-none-eabi/11.3.1/thumb/v7e-m+fp/hard\libgcc.a(_udivmoddi4.o)
 .ARM.attributes
                0x0000000000000973       0x1e D:/ST/STM32CubeIDE_1.13.2/STM32CubeIDE/plugins/com.st.stm32cube.ide.mcu.externaltools.gnu-tools-for-stm32.11.3.rel1.win32_1.1.1.202309131626/tools/bin/../lib/gcc/arm-none-eabi/11.3.1/thumb/v7e-m+fp/hard\libgcc.a(_dvmd_tls.o)
 .ARM.attributes
                0x0000000000000991       0x1e D:/ST/STM32CubeIDE_1.13.2/STM32CubeIDE/plugins/com.st.stm32cube.ide.mcu.externaltools.gnu-tools-for-stm32.11.3.rel1.win32_1.1.1.202309131626/tools/bin/../lib/gcc/arm-none-eabi/11.3.1/thumb/v7e-m+fp/hard/crtn.o
OUTPUT(ultraSonic2.elf elf32-littlearm)
LOAD linker stubs
LOAD D:/ST/STM32CubeIDE_1.13.2/STM32CubeIDE/plugins/com.st.stm32cube.ide.mcu.externaltools.gnu-tools-for-stm32.11.3.rel1.win32_1.1.1.202309131626/tools/bin/../lib/gcc/arm-none-eabi/11.3.1/../../../../arm-none-eabi/lib/thumb/v7e-m+fp/hard\libc.a
LOAD D:/ST/STM32CubeIDE_1.13.2/STM32CubeIDE/plugins/com.st.stm32cube.ide.mcu.externaltools.gnu-tools-for-stm32.11.3.rel1.win32_1.1.1.202309131626/tools/bin/../lib/gcc/arm-none-eabi/11.3.1/../../../../arm-none-eabi/lib/thumb/v7e-m+fp/hard\libm.a
LOAD D:/ST/STM32CubeIDE_1.13.2/STM32CubeIDE/plugins/com.st.stm32cube.ide.mcu.externaltools.gnu-tools-for-stm32.11.3.rel1.win32_1.1.1.202309131626/tools/bin/../lib/gcc/arm-none-eabi/11.3.1/thumb/v7e-m+fp/hard\libgcc.a

.comment        0x0000000000000000       0x43
 .comment       0x0000000000000000       0x43 D:/ST/STM32CubeIDE_1.13.2/STM32CubeIDE/plugins/com.st.stm32cube.ide.mcu.externaltools.gnu-tools-for-stm32.11.3.rel1.win32_1.1.1.202309131626/tools/bin/../lib/gcc/arm-none-eabi/11.3.1/thumb/v7e-m+fp/hard/crtbegin.o
                                         0x44 (size before relaxing)
 .comment       0x0000000000000043       0x44 ./Core/Src/AVERAGE FILTER/average_filter.o
 .comment       0x0000000000000043       0x44 ./Core/Src/Encoder/Encoder.o
 .comment       0x0000000000000043       0x44 ./Core/Src/PWM control/PWMcontrol.o
 .comment       0x0000000000000043       0x44 ./Core/Src/UltraSonic/ultraSonic.o
 .comment       0x0000000000000043       0x44 ./Core/Src/main.o
 .comment       0x0000000000000043       0x44 ./Core/Src/stm32f4xx_hal_msp.o
 .comment       0x0000000000000043       0x44 ./Core/Src/stm32f4xx_it.o
 .comment       0x0000000000000043       0x44 ./Core/Src/sysmem.o
 .comment       0x0000000000000043       0x44 ./Core/Src/system_stm32f4xx.o
 .comment       0x0000000000000043       0x44 ./Drivers/STM32F4xx_HAL_Driver/Src/stm32f4xx_hal.o
 .comment       0x0000000000000043       0x44 ./Drivers/STM32F4xx_HAL_Driver/Src/stm32f4xx_hal_adc.o
 .comment       0x0000000000000043       0x44 ./Drivers/STM32F4xx_HAL_Driver/Src/stm32f4xx_hal_adc_ex.o
 .comment       0x0000000000000043       0x44 ./Drivers/STM32F4xx_HAL_Driver/Src/stm32f4xx_hal_cortex.o
 .comment       0x0000000000000043       0x44 ./Drivers/STM32F4xx_HAL_Driver/Src/stm32f4xx_hal_dma.o
 .comment       0x0000000000000043       0x44 ./Drivers/STM32F4xx_HAL_Driver/Src/stm32f4xx_hal_gpio.o
 .comment       0x0000000000000043       0x44 ./Drivers/STM32F4xx_HAL_Driver/Src/stm32f4xx_hal_hcd.o
 .comment       0x0000000000000043       0x44 ./Drivers/STM32F4xx_HAL_Driver/Src/stm32f4xx_hal_rcc.o
 .comment       0x0000000000000043       0x44 ./Drivers/STM32F4xx_HAL_Driver/Src/stm32f4xx_hal_spi.o
 .comment       0x0000000000000043       0x44 ./Drivers/STM32F4xx_HAL_Driver/Src/stm32f4xx_hal_tim.o
 .comment       0x0000000000000043       0x44 ./Drivers/STM32F4xx_HAL_Driver/Src/stm32f4xx_hal_tim_ex.o
 .comment       0x0000000000000043       0x44 ./Drivers/STM32F4xx_HAL_Driver/Src/stm32f4xx_ll_usb.o
 .comment       0x0000000000000043       0x44 ./Middlewares/ST/STM32_USB_Host_Library/Class/CDC/Src/usbh_cdc.o
 .comment       0x0000000000000043       0x44 ./Middlewares/ST/STM32_USB_Host_Library/Core/Src/usbh_core.o
 .comment       0x0000000000000043       0x44 ./Middlewares/ST/STM32_USB_Host_Library/Core/Src/usbh_ctlreq.o
 .comment       0x0000000000000043       0x44 ./Middlewares/ST/STM32_USB_Host_Library/Core/Src/usbh_ioreq.o
 .comment       0x0000000000000043       0x44 ./Middlewares/ST/STM32_USB_Host_Library/Core/Src/usbh_pipes.o
 .comment       0x0000000000000043       0x44 ./USB_HOST/App/usb_host.o
 .comment       0x0000000000000043       0x44 ./USB_HOST/Target/usbh_conf.o
 .comment       0x0000000000000043       0x44 ./USB_HOST/Target/usbh_platform.o

.debug_info     0x0000000000000000    0x1a514
 .debug_info    0x0000000000000000      0x1cf ./Core/Src/AVERAGE FILTER/average_filter.o
 .debug_info    0x00000000000001cf      0x84c ./Core/Src/Encoder/Encoder.o
 .debug_info    0x0000000000000a1b      0x7b8 ./Core/Src/PWM control/PWMcontrol.o
 .debug_info    0x00000000000011d3      0x9e9 ./Core/Src/UltraSonic/ultraSonic.o
 .debug_info    0x0000000000001bbc     0x2285 ./Core/Src/main.o
 .debug_info    0x0000000000003e41     0x1ab8 ./Core/Src/stm32f4xx_hal_msp.o
 .debug_info    0x00000000000058f9      0xf08 ./Core/Src/stm32f4xx_it.o
 .debug_info    0x0000000000006801      0x168 ./Core/Src/sysmem.o
 .debug_info    0x0000000000006969      0x512 ./Core/Src/system_stm32f4xx.o
 .debug_info    0x0000000000006e7b       0x23 ./Core/Startup/startup_stm32f407vgtx.o
 .debug_info    0x0000000000006e9e      0x948 ./Drivers/STM32F4xx_HAL_Driver/Src/stm32f4xx_hal.o
 .debug_info    0x00000000000077e6      0xcd4 ./Drivers/STM32F4xx_HAL_Driver/Src/stm32f4xx_hal_adc.o
 .debug_info    0x00000000000084ba      0xb59 ./Drivers/STM32F4xx_HAL_Driver/Src/stm32f4xx_hal_adc_ex.o
 .debug_info    0x0000000000009013      0xd46 ./Drivers/STM32F4xx_HAL_Driver/Src/stm32f4xx_hal_cortex.o
 .debug_info    0x0000000000009d59      0x8e7 ./Drivers/STM32F4xx_HAL_Driver/Src/stm32f4xx_hal_dma.o
 .debug_info    0x000000000000a640      0x6c3 ./Drivers/STM32F4xx_HAL_Driver/Src/stm32f4xx_hal_gpio.o